2026-08-05T20:40:15 daemon up pid=40002 PROXY_MODE=tor
2026-08-05T20:40:16 health alive=[12, 13, 14, 15, 16] drained=[]
2026-08-05T20:40:42 health alive=[12, 13, 14, 15, 16] drained=[]
2026-08-05T20:41:08 health alive=[12, 13, 14, 15, 16] drained=[]
2026-08-05T20:41:54 health alive=[12, 13, 14, 15, 16] drained=[]
2026-08-05T20:42:25 health alive=[12, 13, 14, 15, 16] drained=[]
2026-08-05T20:43:00 health alive=[12, 13, 14, 15, 16] drained=[]
2026-08-05T20:44:01 health alive=[12, 13, 14, 15, 16] drained=[]
2026-08-05T20:44:39 health alive=[12, 13, 14, 15, 16] drained=[]
2026-08-05T20:45:15 health alive=[12, 13, 14, 15, 16] drained=[]
2026-08-05T20:46:02 health alive=[12, 13, 14, 15, 16] drained=[]
2026-08-05T20:46:29 health alive=[12, 13, 14, 15, 16] drained=[]
2026-08-05T20:47:44 health alive=[12, 13, 14, 15, 16] drained=[]
2026-08-05T20:48:10 health alive=[12, 13, 14, 15, 16] drained=[]
2026-08-05T20:48:38 health alive=[12, 13, 14, 15, 16] drained=[]
2026-08-05T20:49:07 health alive=[12, 13, 14, 15, 16] drained=[]
2026-08-05T20:49:58 health alive=[12, 13, 14, 15, 16] drained=[]
2026-08-05T20:50:45 health alive=[12, 13, 14, 15, 16] drained=[]
2026-08-05T20:51:11 health alive=[12, 13, 14, 15, 16] drained=[]
2026-08-05T20:51:58 health alive=[12, 13, 14, 15, 16] drained=[]
2026-08-05T20:53:07 health alive=[12, 13, 14, 15, 16] drained=[]
2026-08-05T20:53:33 health alive=[12, 13, 14, 15, 16] drained=[]
2026-08-05T20:53:59 health alive=[12, 13, 14, 15, 16] drained=[]
2026-08-05T20:54:24 health alive=[12, 13, 14, 15, 16] drained=[]
2026-08-05T20:55:30 health alive=[12, 13, 14, 15, 16] drained=[]
2026-08-05T20:56:01 health alive=[12, 13, 14, 15, 16] drained=[]
2026-08-05T20:57:19 health alive=[12, 13, 14, 15, 16] drained=[]
2026-08-05T20:58:15 health alive=[12, 13, 14, 15, 16] drained=[]
2026-08-05T20:59:17 health alive=[12, 13, 14, 15, 16] drained=[]
2026-08-05T20:59:44 health alive=[12, 13, 14, 15, 16] drained=[]
2026-08-05T21:00:14 health alive=[12, 13, 14, 15, 16] drained=[]
2026-08-05T21:00:49 health alive=[12, 13, 14, 15, 16] drained=[]
2026-08-05T21:01:17 health alive=[12, 13, 14, 15, 16] drained=[]
2026-08-05T21:01:59 health alive=[12, 13, 14, 15, 16] drained=[]
2026-08-05T21:02:27 health alive=[12, 13, 14, 15, 16] drained=[]
2026-08-05T21:03:15 health alive=[12, 13, 14, 15, 16] drained=[]
2026-08-05T21:03:43 health alive=[12, 13, 14, 15, 16] drained=[]
2026-08-05T21:04:31 health alive=[12, 13, 14, 15, 16] drained=[]
2026-08-05T21:05:10 health alive=[12, 13, 14, 15, 16] drained=[]
2026-08-05T21:05:38 health alive=[12, 13, 14, 15, 16] drained=[]
2026-08-05T21:06:29 health alive=[12, 13, 14, 15, 16] drained=[]
2026-08-05T21:07:06 health alive=[12, 13, 14, 15, 16] drained=[]
2026-08-05T21:07:33 health alive=[12, 13, 14, 15, 16] drained=[]
2026-08-05T21:09:02 health alive=[12, 13, 14, 15, 16] drained=[]
2026-08-05T21:09:31 health alive=[12, 13, 14, 15, 16] drained=[]
2026-08-05T21:11:00 health alive=[12, 13, 14, 16] drained=[]
2026-08-05T21:11:41 w15 down with queue=47 — spawning
2026-08-05T21:11:42 started w15 pid=8504 letters=ef queue=47
2026-08-05T21:12:23 health alive=[12, 13, 14, 15, 16] drained=[]
2026-08-05T21:12:52 health alive=[12, 13, 14, 15, 16] drained=[]
2026-08-05T21:14:10 health alive=[12, 13, 14, 15, 16] drained=[]
2026-08-05T21:15:40 health alive=[12, 13, 14, 15, 16] drained=[]
2026-08-05T21:16:12 w15 down with queue=47 — spawning
2026-08-05T21:16:12 started w15 pid=15148 letters=ef queue=47
2026-08-05T21:17:02 health alive=[12, 13, 14, 15, 16] drained=[]
2026-08-05T21:18:34 health alive=[12, 13, 14, 15, 16] drained=[]
2026-08-05T21:20:19 health alive=[12, 13, 14, 15, 16] drained=[]
2026-08-05T21:21:02 health alive=[12, 13, 14, 15] drained=[]
2026-08-05T21:21:41 w16 down with queue=37 — spawning
2026-08-05T21:21:43 started w16 pid=22615 letters=ef queue=37
2026-08-05T21:21:57 health alive=[12, 13, 14, 15, 16] drained=[]
2026-08-05T21:23:33 health alive=[12, 13, 14, 15, 16] drained=[]
2026-08-05T21:25:12 health alive=[12, 13, 14, 15, 16] drained=[]
2026-08-05T21:25:38 health alive=[12, 13, 14, 15, 16] drained=[]
2026-08-05T21:26:49 health alive=[12, 13, 14, 15, 16] drained=[]
2026-08-05T21:28:13 health alive=[12, 13, 14, 15, 16] drained=[]
2026-08-05T21:29:29 health alive=[12, 13, 14, 15, 16] drained=[]
2026-08-05T21:29:59 health alive=[12, 13, 14, 15, 16] drained=[]
2026-08-05T21:30:41 health alive=[12, 13, 14, 15, 16] drained=[]
2026-08-05T21:31:51 health alive=[12, 13, 14, 15, 16] drained=[]
2026-08-05T21:32:20 health alive=[12, 13, 14, 15, 16] drained=[]
2026-08-05T21:32:49 w16 down with queue=26 — spawning
2026-08-05T21:32:49 started w16 pid=44646 letters=ef queue=26
2026-08-05T21:33:21 health alive=[12, 13, 14, 15, 16] drained=[]
2026-08-05T21:34:14 health alive=[12, 13, 14, 15, 16] drained=[]
2026-08-05T21:35:32 health alive=[12, 13, 14, 15, 16] drained=[]
2026-08-05T21:36:22 health alive=[12, 13, 14, 15, 16] drained=[]
2026-08-05T21:37:38 health alive=[12, 13, 14, 15, 16] drained=[]
2026-08-05T21:38:03 health alive=[12, 13, 14, 15, 16] drained=[]
2026-08-05T21:39:10 health alive=[12, 13, 14, 15, 16] drained=[]
2026-08-05T21:40:28 health alive=[12, 13, 14, 15, 16] drained=[]
2026-08-05T21:41:53 health alive=[12, 13, 14, 15, 16] drained=[]
2026-08-05T21:43:26 health alive=[12, 13, 14, 15, 16] drained=[]
2026-08-05T21:43:51 w15 down with queue=24 — spawning
2026-08-05T21:43:51 started w15 pid=65671 letters=ef queue=24
2026-08-05T21:45:18 health alive=[12, 13, 14, 15, 16] drained=[]
2026-08-05T21:45:58 w14 down with queue=94 — spawning
2026-08-05T21:45:58 started w14 pid=70308 letters=ab queue=94
2026-08-05T21:46:39 health alive=[12, 14, 15, 16] drained=[]
2026-08-05T21:47:18 w13 down with queue=41 — spawning
2026-08-05T21:47:20 started w13 pid=72714 letters=ab queue=41
2026-08-05T21:48:07 health alive=[12, 13, 14, 15] drained=[]
2026-08-05T21:48:44 w16 down with queue=28 — spawning
2026-08-05T21:48:45 started w16 pid=75828 letters=ef queue=28
2026-08-05T21:49:14 health alive=[12, 13, 14, 15, 16] drained=[]
2026-08-05T21:50:14 health alive=[12, 13, 14, 15, 16] drained=[]
2026-08-05T21:51:16 health alive=[12, 13, 14, 15, 16] drained=[]
2026-08-05T21:52:51 health alive=[12, 13, 14, 15, 16] drained=[]
2026-08-05T21:53:55 health alive=[12, 13, 14, 15, 16] drained=[]
2026-08-05T21:54:21 health alive=[12, 13, 14, 15, 16] drained=[]
2026-08-05T21:54:47 health alive=[12, 13, 14, 15, 16] drained=[]
2026-08-05T21:55:12 w14 down with queue=86 — spawning
2026-08-05T21:55:12 started w14 pid=88681 letters=ab queue=86
2026-08-05T21:55:36 health alive=[12, 13, 14, 16] drained=[]
2026-08-05T21:56:01 w13 down with queue=29 — spawning
2026-08-05T21:56:01 started w13 pid=90834 letters=ab queue=29
2026-08-05T21:56:11 w15 down with queue=13 — spawning
2026-08-05T21:56:12 started w15 pid=91547 letters=ef queue=13
2026-08-05T21:56:39 health alive=[12, 13, 14, 15, 16] drained=[]
2026-08-05T21:57:04 health alive=[12, 13, 14, 15, 16] drained=[]
2026-08-05T21:58:29 health alive=[12, 13, 14, 15, 16] drained=[12]
2026-08-05T21:58:55 health alive=[13, 14, 15, 16] drained=[12]
2026-08-05T21:59:48 health alive=[13, 14, 15, 16] drained=[12]
2026-08-05T22:00:59 health alive=[13, 14, 15, 16] drained=[12]
2026-08-05T22:01:25 health alive=[13, 14, 15, 16] drained=[12]
2026-08-05T22:01:52 health alive=[13, 14, 15, 16] drained=[12]
2026-08-05T22:02:34 health alive=[13, 14, 15, 16] drained=[12]
2026-08-05T22:03:03 health alive=[13, 14, 15, 16] drained=[12]
2026-08-05T22:04:01 health alive=[13, 14, 16] drained=[12, 15]
2026-08-05T22:04:27 w13 down with queue=17 — spawning
2026-08-05T22:04:27 started w13 pid=11571 letters=ab queue=17
2026-08-05T22:04:38 health alive=[13, 14] drained=[12, 15, 16]
2026-08-05T22:05:25 health alive=[13, 14] drained=[12, 15, 16]
2026-08-05T22:05:53 health alive=[13, 14] drained=[12, 15, 16]
2026-08-05T22:06:44 health alive=[13, 14] drained=[12, 15, 16]
2026-08-05T22:07:45 health alive=[13, 14] drained=[12, 15, 16]
2026-08-05T22:08:12 health alive=[13, 14] drained=[12, 15, 16]
2026-08-05T22:08:41 health alive=[13, 14] drained=[12, 15, 16]
2026-08-05T22:09:10 health alive=[13, 14] drained=[12, 15, 16]
2026-08-05T22:09:51 health alive=[13, 14] drained=[12, 15, 16]
2026-08-05T22:10:41 health alive=[13, 14] drained=[12, 15, 16]
2026-08-05T22:11:06 w14 down with queue=73 — spawning
2026-08-05T22:11:06 started w14 pid=27125 letters=ab queue=73
2026-08-05T22:11:17 health alive=[13, 14] drained=[12, 15, 16]
2026-08-05T22:12:00 health alive=[13, 14] drained=[12, 15, 16]
2026-08-05T22:12:26 health alive=[13, 14] drained=[12, 15, 16]
2026-08-05T22:13:00 health alive=[13, 14] drained=[12, 15, 16]
2026-08-05T22:13:33 health alive=[13, 14] drained=[12, 15, 16]
2026-08-05T22:13:59 health alive=[13, 14] drained=[12, 15, 16]
2026-08-05T22:14:49 health alive=[13, 14] drained=[12, 15, 16]
2026-08-05T22:15:17 health alive=[13, 14] drained=[12, 15, 16]
2026-08-05T22:15:45 health alive=[13, 14] drained=[12, 15, 16]
2026-08-05T22:16:18 health alive=[13, 14] drained=[12, 15, 16]
2026-08-05T22:17:07 health alive=[13, 14] drained=[12, 15, 16]
2026-08-05T22:17:35 health alive=[13, 14] drained=[12, 15, 16]
2026-08-05T22:18:08 health alive=[13, 14] drained=[12, 15, 16]
2026-08-05T22:18:41 health alive=[13, 14] drained=[12, 15, 16]
2026-08-05T22:19:11 health alive=[13, 14] drained=[12, 15, 16]
2026-08-05T22:19:52 health alive=[13, 14] drained=[12, 15, 16]
2026-08-05T22:20:21 health alive=[13, 14] drained=[12, 15, 16]
2026-08-05T22:20:47 health alive=[14] drained=[12, 13, 15, 16]
2026-08-05T22:21:17 health alive=[14] drained=[12, 13, 15, 16]
2026-08-05T22:21:58 health alive=[14] drained=[12, 13, 15, 16]
2026-08-05T22:22:40 health alive=[14] drained=[12, 13, 15, 16]
2026-08-05T22:23:07 health alive=[14] drained=[12, 13, 15, 16]
2026-08-05T22:23:34 health alive=[14] drained=[12, 13, 15, 16]
2026-08-05T22:24:02 health alive=[14] drained=[12, 13, 15, 16]
2026-08-05T22:24:41 health alive=[14] drained=[12, 13, 15, 16]
2026-08-05T22:25:26 health alive=[14] drained=[12, 13, 15, 16]
2026-08-05T22:25:56 health alive=[14] drained=[12, 13, 15, 16]
2026-08-05T22:26:33 health alive=[14] drained=[12, 13, 15, 16]
2026-08-05T22:26:59 health alive=[14] drained=[12, 13, 15, 16]
2026-08-05T22:27:35 health alive=[14] drained=[12, 13, 15, 16]
2026-08-05T22:28:01 health alive=[14] drained=[12, 13, 15, 16]
2026-08-05T22:28:29 health alive=[14] drained=[12, 13, 15, 16]
2026-08-05T22:28:59 health alive=[14] drained=[12, 13, 15, 16]
2026-08-05T22:29:28 health alive=[14] drained=[12, 13, 15, 16]
2026-08-05T22:30:00 health alive=[14] drained=[12, 13, 15, 16]
2026-08-05T22:30:32 health alive=[14] drained=[12, 13, 15, 16]
2026-08-05T22:30:58 health alive=[14] drained=[12, 13, 15, 16]
2026-08-05T22:31:30 health alive=[14] drained=[12, 13, 15, 16]
2026-08-05T22:32:01 health alive=[14] drained=[12, 13, 15, 16]
2026-08-05T22:32:33 health alive=[14] drained=[12, 13, 15, 16]
2026-08-05T22:33:05 health alive=[14] drained=[12, 13, 15, 16]
2026-08-05T22:33:39 health alive=[14] drained=[12, 13, 15, 16]
2026-08-05T22:34:04 health alive=[14] drained=[12, 13, 15, 16]
2026-08-05T22:34:32 health alive=[14] drained=[12, 13, 15, 16]
2026-08-05T22:34:58 health alive=[14] drained=[12, 13, 15, 16]
2026-08-05T22:35:23 health alive=[14] drained=[12, 13, 15, 16]
2026-08-05T22:35:49 health alive=[14] drained=[12, 13, 15, 16]
2026-08-05T22:36:20 health alive=[14] drained=[12, 13, 15, 16]
2026-08-05T22:36:46 health alive=[14] drained=[12, 13, 15, 16]
2026-08-05T22:37:13 health alive=[14] drained=[12, 13, 15, 16]
2026-08-05T22:37:41 health alive=[14] drained=[12, 13, 15, 16]
2026-08-05T22:38:06 health alive=[14] drained=[12, 13, 15, 16]
2026-08-05T22:38:32 all helper queues drained — daemon exiting
