[cleanup-rev:w11] Reverse queue cleanup bot (DRY_RUN=false) | states=11..11 | sort=alphabetical:desc (Z→A) | parents=4-letter, prune queue items >=5 chars from high end | completed[] is never modified
[w11:cleanuprev:pro] Starting Tor gen=1 socks=127.0.0.1:19461 (try 1)
[w11:cleanuprev:pro] tor: Aug 05 01:11:16.834 [notice] Opened Socks listener connection (ready) on 127.0.0.1:19461
Aug 05 01:11:16.834 [warn] Fixing permissions on directory /tmp/lll-tor
[w11:cleanuprev:pro] tor: Aug 05 01:11:17.000 [notice] Bootstrapped 0% (starting): Starting
[w11:cleanuprev:pro] tor: Aug 05 01:11:18.000 [notice] Bootstrapped 5% (conn): Connecting to a relay
[w11:cleanuprev:pro] tor: Aug 05 01:11:18.000 [notice] Bootstrapped 10% (conn_done): Connected to a relay
[w11:cleanuprev:pro] tor: Aug 05 01:11:19.000 [notice] Bootstrapped 14% (handshake): Handshaking with a relay
[w11:cleanuprev:pro] tor: Aug 05 01:11:20.000 [notice] Bootstrapped 15% (handshake_done): Handshake with a relay done
Aug 05 01:11:20.000 [notice] Bootstrapped 20% (onehop_create): Estab
[w11:cleanuprev:pro] tor: Aug 05 01:11:21.000 [notice] Bootstrapped 25% (requesting_status): Asking for networkstatus consensus
[w11:cleanuprev:pro] tor: Aug 05 01:11:21.000 [notice] Bootstrapped 30% (loading_status): Loading networkstatus consensus
[w11:cleanuprev:pro] tor: Aug 05 01:11:23.000 [notice] Bootstrapped 40% (loading_keys): Loading authority key certs
[w11:cleanuprev:pro] tor: Aug 05 01:11:24.000 [notice] Bootstrapped 45% (requesting_descriptors): Asking for relay descriptors
Aug 05 01:11:24.000 [notice] I learned some more directory 
[w11:cleanuprev:pro] tor: Aug 05 01:11:25.000 [notice] Bootstrapped 50% (loading_descriptors): Loading relay descriptors
[w11:cleanuprev:pro] tor: Aug 05 01:11:32.000 [notice] Bootstrapped 55% (loading_descriptors): Loading relay descriptors
[w11:cleanuprev:pro] tor: Aug 05 01:11:32.000 [notice] Bootstrapped 61% (loading_descriptors): Loading relay descriptors
[w11:cleanuprev:pro] tor: Aug 05 01:11:32.000 [notice] Bootstrapped 67% (loading_descriptors): Loading relay descriptors
[w11:cleanuprev:pro] tor: Aug 05 01:11:33.000 [notice] Bootstrapped 75% (enough_dirinfo): Loaded enough directory info to build circuits
[w11:cleanuprev:pro] tor: Aug 05 01:11:34.000 [notice] Bootstrapped 90% (ap_handshake_done): Handshake finished with a relay to build circuits
Aug 05 01:11:34.000 [notice] Bootstrapped 9
[w11:cleanuprev:pro] tor: Aug 05 01:11:34.000 [notice] Bootstrapped 100% (done): Done
[w11:cleanuprev:pro] Tor ready on 19461 exit=45.84.107.55
[cleanup-rev:w11] Browser mode=tor via tor#1 socks5://127.0.0.1:19461
[w11:cleanuprev:pro] Launching persistent Chrome profile /tmp/lll-pw-cleanup-rev-p4-w11-r0
[w11:cleanuprev:pro] Proxy tor#1 socks5://127.0.0.1:19461
[w11:cleanuprev:pro] Opening https://lastletterlibrary.com
[w11:cleanuprev:pro] Library mode=pro
[w11:cleanuprev:pro] Managed Turnstile token (len=794, 4562ms, remount)
[w11:cleanuprev:pro] Search mode=direct (skip UI Wait Ns… gate)
[cleanup-rev:w11] lll-audit-state-11.json w11: queue=26 completed=1042 words=9385 parents=0 (reverse Z→A)
[cleanup-rev:w11] lll-audit-state-11.json done — parents=0 searches=0 removed=0
[cleanup-rev:w11] State 11 reverse cleanup finished
[cleanup-rev:w11] All states processed. searches=0 queue_removed=0
[w11:cleanuprev:pro] Managed Turnstile miss (76ms)
[w11:cleanuprev:pro] Tor exited code=0
