[cleanup-rev:w9] Reverse queue cleanup bot (DRY_RUN=false) | states=9..9 | sort=alphabetical:desc (Z→A) | parents=5-letter, prune queue items >=6 chars from high end | completed[] is never modified
[w9:cleanuprev:pro] Starting Tor gen=1 socks=127.0.0.1:19459 (try 1)
[w9:cleanuprev:pro] tor: Aug 05 08:23:56.558 [warn] Fixing permissions on directory /tmp/lll-tor-w9
[w9:cleanuprev:pro] tor: Aug 05 08:23:56.000 [notice] Bootstrapped 0% (starting): Starting
[w9:cleanuprev:pro] tor: Aug 05 08:23:57.000 [notice] Bootstrapped 5% (conn): Connecting to a relay
[w9:cleanuprev:pro] tor: Aug 05 08:23:57.000 [notice] Bootstrapped 10% (conn_done): Connected to a relay
[w9:cleanuprev:pro] tor: Aug 05 08:23:58.000 [notice] Bootstrapped 14% (handshake): Handshaking with a relay
[w9:cleanuprev:pro] tor: Aug 05 08:23:58.000 [notice] Bootstrapped 15% (handshake_done): Handshake with a relay done
Aug 05 08:23:58.000 [notice] Bootstrapped 20% (onehop_create): Estab
[w9:cleanuprev:pro] tor: Aug 05 08:23:58.000 [notice] Bootstrapped 25% (requesting_status): Asking for networkstatus consensus
[w9:cleanuprev:pro] tor: Aug 05 08:23:58.000 [notice] Bootstrapped 30% (loading_status): Loading networkstatus consensus
[w9:cleanuprev:pro] tor: Aug 05 08:24:00.000 [notice] Bootstrapped 40% (loading_keys): Loading authority key certs
[w9:cleanuprev:pro] tor: Aug 05 08:24:00.000 [notice] Bootstrapped 45% (requesting_descriptors): Asking for relay descriptors
Aug 05 08:24:00.000 [notice] I learned some more directory 
[w9:cleanuprev:pro] tor: Aug 05 08:24:01.000 [notice] Bootstrapped 50% (loading_descriptors): Loading relay descriptors
[w9:cleanuprev:pro] tor: Aug 05 08:24:11.000 [notice] Bootstrapped 55% (loading_descriptors): Loading relay descriptors
[w9:cleanuprev:pro] tor: Aug 05 08:24:11.000 [notice] Bootstrapped 61% (loading_descriptors): Loading relay descriptors
[w9:cleanuprev:pro] tor: Aug 05 08:24:11.000 [notice] Bootstrapped 67% (loading_descriptors): Loading relay descriptors
[w9:cleanuprev:pro] tor: Aug 05 08:24:11.000 [notice] Bootstrapped 75% (enough_dirinfo): Loaded enough directory info to build circuits
[w9:cleanuprev:pro] tor: Aug 05 08:24:12.000 [notice] Bootstrapped 90% (ap_handshake_done): Handshake finished with a relay to build circuits
Aug 05 08:24:12.000 [notice] Bootstrapped 9
[w9:cleanuprev:pro] tor: Aug 05 08:24:13.000 [notice] Bootstrapped 100% (done): Done
[w9:cleanuprev:pro] Tor ready on 19459 exit=45.95.169.32
[cleanup-rev:w9] Browser mode=tor via tor#1 socks5://127.0.0.1:19459
[w9:cleanuprev:pro] Launching persistent Chrome profile /tmp/lll-pw-cleanup-rev-p5-w9-r0
[w9:cleanuprev:pro] Proxy tor#1 socks5://127.0.0.1:19459
[w9:cleanuprev:pro] Opening https://lastletterlibrary.com
[w9:cleanuprev:pro] Library mode=pro
[w9:cleanuprev:pro] Managed Turnstile token (len=816, 8490ms, remount)
[w9:cleanuprev:pro] Search mode=direct (skip UI Wait Ns… gate)
[cleanup-rev:w9] lll-audit-state-9.json w9: queue=788 completed=2980 words=36042 parents=0 (reverse Z→A)
[cleanup-rev:w9] lll-audit-state-9.json done — parents=0 searches=0 removed=0
[cleanup-rev:w9] State 9 reverse cleanup finished
[cleanup-rev:w9] All states processed. searches=0 queue_removed=0
[w9:cleanuprev:pro] Managed Turnstile miss (75ms)
[w9:cleanuprev:pro] Tor exited code=0
