[cleanup-rev:w4] Reverse queue cleanup bot (DRY_RUN=false) | states=4..4 | sort=alphabetical:desc (Z→A) | parents=3-letter, prune queue items >=4 chars from high end | completed[] is never modified
[w4:cleanuprev:pro] Starting Tor gen=1 socks=127.0.0.1:19354 (try 1)
[w4:cleanuprev:pro] tor: Aug 05 00:27:46.612 [warn] Fixing permissions on directory /tmp/lll-tor-w4
[w4:cleanuprev:pro] tor: Aug 05 00:27:46.000 [notice] Bootstrapped 0% (starting): Starting
[w4:cleanuprev:pro] tor: Aug 05 00:27:47.000 [notice] Bootstrapped 5% (conn): Connecting to a relay
[w4:cleanuprev:pro] tor: Aug 05 00:27:47.000 [notice] Bootstrapped 10% (conn_done): Connected to a relay
[w4:cleanuprev:pro] tor: Aug 05 00:27:48.000 [notice] Bootstrapped 14% (handshake): Handshaking with a relay
[w4:cleanuprev:pro] tor: Aug 05 00:27:48.000 [notice] Bootstrapped 15% (handshake_done): Handshake with a relay done
Aug 05 00:27:48.000 [notice] Bootstrapped 20% (onehop_create): Estab
[w4:cleanuprev:pro] tor: Aug 05 00:27:48.000 [notice] Bootstrapped 25% (requesting_status): Asking for networkstatus consensus
[w4:cleanuprev:pro] tor: Aug 05 00:27:48.000 [notice] Bootstrapped 30% (loading_status): Loading networkstatus consensus
[w4:cleanuprev:pro] tor: Aug 05 00:27:49.000 [notice] Bootstrapped 40% (loading_keys): Loading authority key certs
[w4:cleanuprev:pro] tor: Aug 05 00:27:50.000 [notice] Bootstrapped 45% (requesting_descriptors): Asking for relay descriptors
Aug 05 00:27:50.000 [notice] I learned some more directory 
[w4:cleanuprev:pro] tor: Aug 05 00:27:51.000 [notice] Bootstrapped 50% (loading_descriptors): Loading relay descriptors
[w4:cleanuprev:pro] tor: Aug 05 00:27:59.000 [notice] Bootstrapped 55% (loading_descriptors): Loading relay descriptors
[w4:cleanuprev:pro] tor: Aug 05 00:27:59.000 [notice] Bootstrapped 61% (loading_descriptors): Loading relay descriptors
[w4:cleanuprev:pro] tor: Aug 05 00:27:59.000 [notice] Bootstrapped 67% (loading_descriptors): Loading relay descriptors
[w4:cleanuprev:pro] tor: Aug 05 00:27:59.000 [notice] Bootstrapped 75% (enough_dirinfo): Loaded enough directory info to build circuits
[w4:cleanuprev:pro] tor: Aug 05 00:27:59.000 [notice] Bootstrapped 90% (ap_handshake_done): Handshake finished with a relay to build circuits
Aug 05 00:27:59.000 [notice] Bootstrapped 9
[w4:cleanuprev:pro] tor: Aug 05 00:28:00.000 [notice] Bootstrapped 100% (done): Done
[w4:cleanuprev:pro] Tor ready on 19354 exit=192.42.116.52
[cleanup-rev:w4] Browser mode=tor via tor#1 socks5://127.0.0.1:19354
[w4:cleanuprev:pro] Launching persistent Chrome profile /tmp/lll-pw-cleanup-rev-w4-r0
[w4:cleanuprev:pro] Proxy tor#1 socks5://127.0.0.1:19354
[w4:cleanuprev:pro] Opening https://lastletterlibrary.com
[w4:cleanuprev:pro] Library mode=pro
[w4:cleanuprev:pro] Managed Turnstile token (len=816, 5205ms, remount)
[w4:cleanuprev:pro] Search mode=direct (skip UI Wait Ns… gate)
[cleanup-rev:w4] lll-audit-state-4.json w4: queue=239 completed=1629 words=13156 parents=15 (reverse Z→A)
[cleanup-rev:w4] Reverse-searching parent "ich" (2 queued descendants, chars=tu)
[w4:cleanuprev:pro] [api] 200 mode=pro startsWith=ich
[w4:cleanuprev:pro] [api] 200 mode=pro startsWith=ich sort=alphabetical:desc (710ms direct)
[cleanup-rev:w4] "ich" reverse full page (100) start="ichulle" first='u' end="ichthyofauna" next='t' — remove 0 covered groups, keep 'u+t', removed 0/239 queue items, leave chars=tu, +0 words
[cleanup-rev:w4] Reverse-searching parent "idi" (6 queued descendants, chars=opqrst)
[w4:cleanuprev:pro] Pacing 15s before "idi" (gap=15500ms)
[w4:cleanuprev:pro] Managed Turnstile token (len=816, 3986ms, reset)
[w4:cleanuprev:pro] [api] 200 mode=pro startsWith=idi
[w4:cleanuprev:pro] [api] 200 mode=pro startsWith=idi sort=alphabetical:desc (1209ms direct)
[cleanup-rev:w4] "idi" reverse full page (100) start="iditol" first='t' end="idiolectal" next='o' — remove 4 covered groups, keep 't+o', removed 4/239 queue items, leave chars=ot, +0 words
[cleanup-rev:w4] Reverse-searching parent "ill" (5 queued descendants, chars=uvwxy)
[w4:cleanuprev:pro] Pacing 15s before "ill" (gap=15500ms)
[w4:cleanuprev:pro] Managed Turnstile token (len=816, 5067ms, reset)
[w4:cleanuprev:pro] [api] 200 mode=pro startsWith=ill
[w4:cleanuprev:pro] [api] 200 mode=pro startsWith=ill sort=alphabetical:desc (660ms direct)
[cleanup-rev:w4] "ill" reverse full page (100) start="illyric" first='y' end="illuminates" next='u' — remove 3 covered groups, keep 'y+u', removed 3/235 queue items, leave chars=uy, +0 words
[cleanup-rev:w4] Reverse-searching parent "imm" (6 queued descendants, chars=ouvwxy)
[w4:cleanuprev:pro] Pacing 15s before "imm" (gap=15500ms)
[w4:cleanuprev:pro] Managed Turnstile miss (12221ms)
[w4:cleanuprev:pro] [api] 200 mode=pro startsWith=imm
[w4:cleanuprev:pro] [api] 200 mode=pro startsWith=imm sort=alphabetical:desc (598ms direct)
[cleanup-rev:w4] "imm" reverse full page (100) start="immy" first='y' end="immunohistochemically" next='u' — remove 3 covered groups, keep 'y+u', removed 3/232 queue items, leave chars=ouy, +0 words
[cleanup-rev:w4] Reverse-searching parent "imp" (28 queued descendants, chars=er)
[w4:cleanuprev:pro] Pacing 11s before "imp" (gap=15500ms)
[w4:cleanuprev:pro] Managed Turnstile miss (12802ms)
[w4:cleanuprev:pro] Turnstile mint hard timeout after 15000ms
[w4:cleanuprev:pro] Turnstile direct mint miss (1/2)
[w4:cleanuprev:pro] Managed Turnstile token (len=816, 7828ms, remount)
[w4:cleanuprev:pro] [api] 200 mode=pro startsWith=imp
[w4:cleanuprev:pro] [api] 200 mode=pro startsWith=imp sort=alphabetical:desc (669ms direct)
[cleanup-rev:w4] "imp" reverse full page (100) start="impy" first='y' end="imps" next='s' — remove 5 covered groups, keep 'y+s', removed 0/229 queue items, leave chars=er, +0 words
[cleanup-rev:w4] Reverse-searching parent "inc" (14 queued descendants, chars=o)
[w4:cleanuprev:pro] Pacing 15s before "inc" (gap=15500ms)
[w4:cleanuprev:pro] Managed Turnstile token (len=816, 5778ms, reset)
[w4:cleanuprev:pro] [api] 200 mode=pro startsWith=inc
[w4:cleanuprev:pro] [api] 200 mode=pro startsWith=inc sort=alphabetical:desc (590ms direct)
[cleanup-rev:w4] "inc" reverse full page (100) start="incysted" first='y' end="inculpable" next='u' — remove 3 covered groups, keep 'y+u', removed 0/229 queue items, leave chars=o, +0 words
[cleanup-rev:w4] Reverse-searching parent "ind" (36 queued descendants, chars=eiu)
[w4:cleanuprev:pro] Pacing 11s before "ind" (gap=15500ms)
[w4:cleanuprev:pro] Managed Turnstile token (len=816, 12896ms, reset)
[w4:cleanuprev:pro] [api] 200 mode=pro startsWith=ind
[w4:cleanuprev:pro] [api] 200 mode=pro startsWith=ind sort=alphabetical:desc (606ms direct)
[cleanup-rev:w4] "ind" reverse full page (100) start="indyrefs" first='y' end="indulgence" next='u' — remove 3 covered groups, keep 'y+u', removed 0/229 queue items, leave chars=eiu, +0 words
[cleanup-rev:w4] Reverse-searching parent "ine" (7 queued descendants, chars=x)
[w4:cleanuprev:pro] Pacing 15s before "ine" (gap=15500ms)
[w4:cleanuprev:pro] Managed Turnstile miss (13442ms)
[w4:cleanuprev:pro] Turnstile mint hard timeout after 15000ms
[w4:cleanuprev:pro] Turnstile direct mint miss (1/2)
[w4:cleanuprev:pro] Turnstile mint hard timeout after 15000ms
[w4:cleanuprev:pro] Turnstile direct mint miss (2/2)
[cleanup-rev:w4] Turnstile miss on "ine" — reload (attempt 1)
[w4:cleanuprev:pro] Managed Turnstile miss (33784ms)
[w4:cleanuprev:pro] Site Turnstile remint timed out (24741ms)
[w4:cleanuprev:pro] Managed Turnstile token (len=816, 6437ms, remount)
[w4:cleanuprev:pro] Managed Turnstile token (len=816, 125664ms, remount)
[w4:cleanuprev:pro] [api] 200 mode=pro startsWith=ine
[w4:cleanuprev:pro] [api] 200 mode=pro startsWith=ine sort=alphabetical:desc (671ms direct)
[cleanup-rev:w4] "ine" reverse full page (100) start="inez" first='z' end="inexorably" next='x' — remove 1 covered groups, keep 'z+x', removed 0/229 queue items, leave chars=x, +0 words
[cleanup-rev:w4] Reverse-searching parent "inf" (31 queued descendants, chars=aeilr)
[w4:cleanuprev:pro] Pacing 15s before "inf" (gap=15500ms)
[w4:cleanuprev:pro] Managed Turnstile token (len=816, 4649ms, reset)
[w4:cleanuprev:pro] [api] 200 mode=pro startsWith=inf
[w4:cleanuprev:pro] [api] 200 mode=pro startsWith=inf sort=alphabetical:desc (666ms direct)
[cleanup-rev:w4] "inf" reverse full page (100) start="infusory" first='u' end="infrastructure-as-a-service" next='r' — remove 2 covered groups, keep 'u+r', removed 0/229 queue items, leave chars=aeilr, +0 words
[cleanup-rev:w4] Reverse-searching parent "ins" (32 queued descendants, chars=etu)
[w4:cleanuprev:pro] Pacing 15s before "ins" (gap=15500ms)
[w4:cleanuprev:pro] Managed Turnstile token (len=816, 4147ms, reset)
[w4:cleanuprev:pro] [api] 200 mode=pro startsWith=ins
[w4:cleanuprev:pro] [api] 200 mode=pro startsWith=ins sort=alphabetical:desc (878ms direct)
[cleanup-rev:w4] "ins" reverse full page (100) start="inswings" first='w' end="insulted" next='u' — remove 1 covered groups, keep 'w+u', removed 0/229 queue items, leave chars=etu, +0 words
[cleanup-rev:w4] Reverse-searching parent "int" (31 queued descendants, chars=er)
[w4:cleanuprev:pro] Pacing 15s before "int" (gap=15500ms)
[w4:cleanuprev:pro] Managed Turnstile token (len=816, 4051ms, reset)
[w4:cleanuprev:pro] [api] 200 mode=pro startsWith=int
[w4:cleanuprev:pro] [api] 200 mode=pro startsWith=int sort=alphabetical:desc (930ms direct)
[cleanup-rev:w4] "int" reverse full page (100) start="intwists" first='w' end="intrusion" next='r' — remove 4 covered groups, keep 'w+r', removed 0/229 queue items, leave chars=er, +0 words
[cleanup-rev:w4] Reverse-searching parent "inv" (13 queued descendants, chars=eixyz)
[w4:cleanuprev:pro] Pacing 15s before "inv" (gap=15500ms)
[w4:cleanuprev:pro] Managed Turnstile token (len=816, 4502ms, reset)
[w4:cleanuprev:pro] [api] 200 mode=pro startsWith=inv
[w4:cleanuprev:pro] [api] 200 mode=pro startsWith=inv sort=alphabetical:desc (943ms direct)
[cleanup-rev:w4] "inv" reverse full page (100) start="invultvation" first='u' end="invitee" next='i' — remove 11 covered groups, keep 'u+i', removed 0/229 queue items, leave chars=eixyz, +0 words
[cleanup-rev:w4] Reverse-searching parent "iri" (8 queued descendants, chars=d)
[w4:cleanuprev:pro] Pacing 15s before "iri" (gap=15500ms)
[w4:cleanuprev:pro] Managed Turnstile token (len=816, 6539ms, reset)
[w4:cleanuprev:pro] [api] 200 mode=pro startsWith=iri
[w4:cleanuprev:pro] [api] 200 mode=pro startsWith=iri sort=alphabetical:desc (1138ms direct)
[cleanup-rev:w4] "iri" reverse full page (100) start="iritises" first='t' end="iridiocyte" next='d' — remove 15 covered groups, keep 't+d', removed 0/229 queue items, leave chars=d, +0 words
[cleanup-rev:w4] Reverse-searching parent "irr" (16 queued descendants, chars=e)
[w4:cleanuprev:pro] Pacing 14s before "irr" (gap=15500ms)
[w4:cleanuprev:pro] Managed Turnstile miss (12630ms)
[w4:cleanuprev:pro] Turnstile mint hard timeout after 15000ms
[w4:cleanuprev:pro] Turnstile direct mint miss (1/2)
[w4:cleanuprev:pro] Managed Turnstile miss (19456ms)
[w4:cleanuprev:pro] Turnstile mint hard timeout after 15000ms
[w4:cleanuprev:pro] Turnstile direct mint miss (2/2)
[cleanup-rev:w4] Turnstile miss on "irr" — reload (attempt 1)
[w4:cleanuprev:pro] Site Turnstile remint timed out (22839ms)
[w4:cleanuprev:pro] Managed Turnstile token (len=816, 7608ms, remount)
[w4:cleanuprev:pro] [api] 200 mode=pro startsWith=irr
[w4:cleanuprev:pro] [api] 200 mode=pro startsWith=irr sort=alphabetical:desc (689ms direct)
[cleanup-rev:w4] "irr" reverse full page (100) start="irrupts" first='u' end="irrevealable" next='e' — remove 15 covered groups, keep 'u+e', removed 0/229 queue items, leave chars=e, +0 words
[cleanup-rev:w4] Reverse-searching parent "iso" (4 queued descendants, chars=cp)
[w4:cleanuprev:pro] Pacing 15s before "iso" (gap=15500ms)
[w4:cleanuprev:pro] Managed Turnstile token (len=816, 6448ms, reset)
[w4:cleanuprev:pro] [api] 200 mode=pro startsWith=iso
[w4:cleanuprev:pro] [api] 200 mode=pro startsWith=iso sort=alphabetical:desc (747ms direct)
[cleanup-rev:w4] "iso" reverse full page (100) start="isozymic" first='z' end="isotac" next='t' — remove 5 covered groups, keep 'z+t', removed 0/229 queue items, leave chars=cp, +0 words
[cleanup-rev:w4] lll-audit-state-4.json done — parents=15 searches=15 removed=10
[cleanup-rev:w4] State 4 reverse cleanup finished
[cleanup-rev:w4] All states processed. searches=15 queue_removed=10
[w4:cleanuprev:pro] Managed Turnstile miss (915ms)
[w4:cleanuprev:pro] Tor exited code=0
