[cleanup-rev:w4] Reverse queue cleanup bot (DRY_RUN=false) | states=4..4 | sort=alphabetical:desc (Z→A) | parents=4-letter, prune queue items >=5 chars from high end | completed[] is never modified
[w4:cleanuprev:pro] Starting Tor gen=1 socks=127.0.0.1:19454 (try 1)
[w4:cleanuprev:pro] tor: Aug 05 01:10:52.180 [notice] Opened Socks listener connection (ready) on 127.0.0.1:19454
Aug 05 01:10:52.180 [warn] Fixing permissions on directory /tmp/lll-tor
[w4:cleanuprev:pro] tor: Aug 05 01:10:52.000 [notice] Bootstrapped 0% (starting): Starting
[w4:cleanuprev:pro] tor: Aug 05 01:10:53.000 [notice] Bootstrapped 5% (conn): Connecting to a relay
[w4:cleanuprev:pro] tor: Aug 05 01:10:53.000 [notice] Bootstrapped 10% (conn_done): Connected to a relay
[w4:cleanuprev:pro] tor: Aug 05 01:12:08.000 [notice] Bootstrapped 14% (handshake): Handshaking with a relay
[w4:cleanuprev:pro] tor: Aug 05 01:12:08.000 [notice] Bootstrapped 15% (handshake_done): Handshake with a relay done
[w4:cleanuprev:pro] tor: Aug 05 01:12:08.000 [notice] Bootstrapped 20% (onehop_create): Establishing an encrypted directory connection
[w4:cleanuprev:pro] tor: Aug 05 01:12:09.000 [notice] Bootstrapped 25% (requesting_status): Asking for networkstatus consensus
[w4:cleanuprev:pro] tor: Aug 05 01:12:09.000 [notice] Bootstrapped 30% (loading_status): Loading networkstatus consensus
[w4:cleanuprev:pro] tor: Aug 05 01:12:11.000 [notice] Bootstrapped 40% (loading_keys): Loading authority key certs
[w4:cleanuprev:pro] tor: Aug 05 01:12:12.000 [notice] Bootstrapped 45% (requesting_descriptors): Asking for relay descriptors
Aug 05 01:12:12.000 [notice] I learned some more directory 
[w4:cleanuprev:pro] tor: Aug 05 01:12:13.000 [notice] Bootstrapped 50% (loading_descriptors): Loading relay descriptors
[w4:cleanuprev:pro] tor: Aug 05 01:12:46.000 [notice] Bootstrapped 55% (loading_descriptors): Loading relay descriptors
[w4:cleanuprev:pro] tor: Aug 05 01:13:00.000 [notice] Bootstrapped 61% (loading_descriptors): Loading relay descriptors
[w4:cleanuprev:pro] tor: Aug 05 01:13:09.000 [notice] Bootstrapped 67% (loading_descriptors): Loading relay descriptors
[w4:cleanuprev:pro] tor: Aug 05 01:13:17.000 [notice] Bootstrapped 75% (enough_dirinfo): Loaded enough directory info to build circuits
[w4:cleanuprev:pro] tor: Aug 05 01:13:21.000 [notice] Bootstrapped 90% (ap_handshake_done): Handshake finished with a relay to build circuits
Aug 05 01:13:21.000 [notice] Bootstrapped 9
[w4:cleanuprev:pro] tor: Aug 05 01:13:21.000 [notice] Bootstrapped 100% (done): Done
[w4:cleanuprev:pro] Tor ready on 19454 exit=45.66.35.30
[cleanup-rev:w4] Browser mode=tor via tor#1 socks5://127.0.0.1:19454
[w4:cleanuprev:pro] Launching persistent Chrome profile /tmp/lll-pw-cleanup-rev-p4-w4-r0
[w4:cleanuprev:pro] Proxy tor#1 socks5://127.0.0.1:19454
[w4:cleanuprev:pro] Opening https://lastletterlibrary.com
[w4:cleanuprev:pro] Library mode=pro
[w4:cleanuprev:pro] Managed Turnstile token (len=816, 7598ms, remount)
[w4:cleanuprev:pro] Search mode=direct (skip UI Wait Ns… gate)
[cleanup-rev:w4] lll-audit-state-4.json w4: queue=229 completed=1629 words=13156 parents=23 (reverse Z→A)
[cleanup-rev:w4] Reverse-searching parent "impe" (18 queued descendants, chars=r)
[w4:cleanuprev:pro] [api] 200 mode=pro startsWith=impe
[w4:cleanuprev:pro] [api] 200 mode=pro startsWith=impe sort=alphabetical:desc (1013ms direct)
[cleanup-rev:w4] "impe" reverse full page (100) start="impeyan" first='y' end="impersonalization" next='r' — remove 6 covered groups, keep 'y+r', removed 0/229 queue items, leave chars=r, +63 words
[cleanup-rev:w4] Reverse-searching parent "impr" (10 queued descendants, chars=eo)
[w4:cleanuprev:pro] Pacing 15s before "impr" (gap=15500ms)
[w4:cleanuprev:pro] Managed Turnstile token (len=816, 7144ms, reset)
[w4:cleanuprev:pro] [api] 200 mode=pro startsWith=impr
[w4:cleanuprev:pro] [api] 200 mode=pro startsWith=impr sort=alphabetical:desc (893ms direct)
[cleanup-rev:w4] "impr" reverse full page (100) start="imprudentness" first='u' end="imprompt" next='o' — remove 5 covered groups, keep 'u+o', removed 0/229 queue items, leave chars=eo, +0 words
[cleanup-rev:w4] Reverse-searching parent "inco" (14 queued descendants, chars=mn)
[w4:cleanuprev:pro] Pacing 15s before "inco" (gap=15500ms)
[w4:cleanuprev:pro] Managed Turnstile token (len=816, 4386ms, reset)
[w4:cleanuprev:pro] [api] 200 mode=pro startsWith=inco
[w4:cleanuprev:pro] [api] 200 mode=pro startsWith=inco sort=alphabetical:desc (828ms direct)
[cleanup-rev:w4] "inco" reverse full page (100) start="incourteously" first='u' end="inconversable" next='n' — remove 6 covered groups, keep 'u+n', removed 0/229 queue items, leave chars=mn, +15 words
[cleanup-rev:w4] Reverse-searching parent "inde" (6 queued descendants, chars=lmnxyz)
[w4:cleanuprev:pro] Pacing 15s before "inde" (gap=15500ms)
[w4:cleanuprev:pro] Managed Turnstile token (len=816, 3731ms, reset)
[w4:cleanuprev:pro] [api] 200 mode=pro startsWith=inde
[w4:cleanuprev:pro] [api] 200 mode=pro startsWith=inde sort=alphabetical:desc (800ms direct)
[cleanup-rev:w4] "inde" reverse full page (100) start="indextrous" first='x' end="indentors" next='n' — remove 9 covered groups, keep 'x+n', removed 0/229 queue items, leave chars=lmnxyz, +0 words
[cleanup-rev:w4] Reverse-searching parent "indi" (19 queued descendants, chars=fghijklmnopqrsvwxyz)
[w4:cleanuprev:pro] Pacing 15s before "indi" (gap=15500ms)
[w4:cleanuprev:pro] Managed Turnstile token (len=816, 3679ms, reset)
[w4:cleanuprev:pro] [api] 200 mode=pro startsWith=indi
[w4:cleanuprev:pro] [api] 200 mode=pro startsWith=indi sort=alphabetical:desc (835ms direct)
[cleanup-rev:w4] "indi" reverse full page (100) start="indivision" first='v' end="indissolvable" next='s' — remove 2 covered groups, keep 'v+s', removed 0/229 queue items, leave chars=fghijklmnopqrsvwxyz, +0 words
[cleanup-rev:w4] Reverse-searching parent "indu" (11 queued descendants, chars=pqrstuvwxyz)
[w4:cleanuprev:pro] Pacing 15s before "indu" (gap=15500ms)
[w4:cleanuprev:pro] Managed Turnstile token (len=816, 3630ms, reset)
[w4:cleanuprev:pro] [api] 200 mode=pro startsWith=indu
[w4:cleanuprev:pro] [api] 200 mode=pro startsWith=indu sort=alphabetical:desc (839ms direct)
[cleanup-rev:w4] "indu" reverse full page (100) start="induviate" first='v' end="inductoscope" next='c' — remove 18 covered groups, keep 'v+c', removed 6/229 queue items, leave chars=vwxyz, +0 words
[cleanup-rev:w4] Reverse-searching parent "inex" (7 queued descendants, chars=tuvwxyz)
[w4:cleanuprev:pro] Pacing 15s before "inex" (gap=15500ms)
[w4:cleanuprev:pro] Managed Turnstile token (len=816, 4041ms, reset)
[w4:cleanuprev:pro] [api] 200 mode=pro startsWith=inex
[w4:cleanuprev:pro] [api] 200 mode=pro startsWith=inex sort=alphabetical:desc (819ms direct)
[cleanup-rev:w4] "inex" reverse full page (100) start="inextricably" first='t' end="inexorableness" next='o' — remove 4 covered groups, keep 't+o', removed 0/223 queue items, leave chars=tuvwxyz, +0 words
[cleanup-rev:w4] Reverse-searching parent "infa" (9 queued descendants, chars=rstuvwxyz)
[w4:cleanuprev:pro] Pacing 15s before "infa" (gap=15500ms)
[w4:cleanuprev:pro] Managed Turnstile token (len=816, 4296ms, reset)
[w4:cleanuprev:pro] [api] 200 mode=pro startsWith=infa
[w4:cleanuprev:pro] [api] 200 mode=pro startsWith=infa sort=alphabetical:desc (885ms direct)
[cleanup-rev:w4] "infa" reverse full page (100) start="infausting" first='u' end="infamia" next='m' — remove 7 covered groups, keep 'u+m', removed 3/223 queue items, leave chars=uvwxyz, +22 words
[cleanup-rev:w4] Reverse-searching parent "infe" (6 queued descendants, chars=uvwxyz)
[w4:cleanuprev:pro] Pacing 15s before "infe" (gap=15500ms)
[w4:cleanuprev:pro] Managed Turnstile token (len=816, 4554ms, remount)
[w4:cleanuprev:pro] [api] 200 mode=pro startsWith=infe
[w4:cleanuprev:pro] [api] 200 mode=pro startsWith=infe sort=alphabetical:desc (454ms direct)
[cleanup-rev:w4] "infe" reverse full page (100) start="infeudations" first='u' end="infeeds" next='e' — remove 15 covered groups, keep 'u+e', removed 0/220 queue items, leave chars=uvwxyz, +0 words
[cleanup-rev:w4] Reverse-searching parent "infi" (3 queued descendants, chars=xyz)
[w4:cleanuprev:pro] Pacing 15s before "infi" (gap=15500ms)
[w4:cleanuprev:pro] Managed Turnstile miss (12256ms)
[w4:cleanuprev:pro] [api] 200 mode=pro startsWith=infi
[w4:cleanuprev:pro] [api] 200 mode=pro startsWith=infi sort=alphabetical:desc (968ms direct)
[cleanup-rev:w4] "infi" reverse full page (100) start="infixions" first='x' end="infilled" next='l' — remove 11 covered groups, keep 'x+l', removed 0/220 queue items, leave chars=xyz, +0 words
[cleanup-rev:w4] Reverse-searching parent "infl" (6 queued descendants, chars=uvwxyz)
[w4:cleanuprev:pro] Pacing 14s before "infl" (gap=15500ms)
[w4:cleanuprev:pro] Managed Turnstile miss (12334ms)
[w4:cleanuprev:pro] [api] 200 mode=pro startsWith=infl
[w4:cleanuprev:pro] [api] 200 mode=pro startsWith=infl sort=alphabetical:desc (771ms direct)
[cleanup-rev:w4] "infl" reverse full page (100) start="influxive" first='u' end="inflationisms" next='a' — remove 19 covered groups, keep 'u+a', removed 0/220 queue items, leave chars=uvwxyz, +0 words
[cleanup-rev:w4] Reverse-searching parent "infr" (7 queued descendants, chars=auvwxyz)
[w4:cleanuprev:pro] Pacing 15s before "infr" (gap=15500ms)
[w4:cleanuprev:pro] Managed Turnstile token (len=816, 4052ms, reset)
[w4:cleanuprev:pro] [api] 200 mode=pro startsWith=infr
[w4:cleanuprev:pro] [api] 200 mode=pro startsWith=infr sort=alphabetical:desc (831ms direct)
[cleanup-rev:w4] "infr" reverse full page (100) start="infrustrably" first='u' end="inframercurial" next='a' — remove 19 covered groups, keep 'u+a', removed 0/220 queue items, leave chars=auvwxyz, +0 words
[cleanup-rev:w4] Reverse-searching parent "inse" (5 queued descendants, chars=vwxyz)
[w4:cleanuprev:pro] Pacing 15s before "inse" (gap=15500ms)
[w4:cleanuprev:pro] Managed Turnstile token (len=816, 3981ms, reset)
[w4:cleanuprev:pro] [api] 200 mode=pro startsWith=inse
[w4:cleanuprev:pro] [api] 200 mode=pro startsWith=inse sort=alphabetical:desc (553ms direct)
[cleanup-rev:w4] "inse" reverse full page (100) start="inseverably" first='v' end="insectmonger" next='c' — remove 18 covered groups, keep 'v+c', removed 0/220 queue items, leave chars=vwxyz, +0 words
[cleanup-rev:w4] Reverse-searching parent "inst" (18 queued descendants, chars=ijklmnopqrstuvwxyz)
[w4:cleanuprev:pro] Pacing 15s before "inst" (gap=15500ms)
[w4:cleanuprev:pro] Managed Turnstile token (len=816, 4847ms, reset)
[w4:cleanuprev:pro] [api] 200 mode=pro startsWith=inst
[w4:cleanuprev:pro] [api] 200 mode=pro startsWith=inst sort=alphabetical:desc (795ms direct)
[cleanup-rev:w4] "inst" reverse full page (100) start="instyle" first='y' end="institue" next='i' — remove 15 covered groups, keep 'y+i', removed 15/220 queue items, leave chars=iyz, +100 words
[cleanup-rev:w4] Reverse-searching parent "insu" (9 queued descendants, chars=lstuvwxyz)
[w4:cleanuprev:pro] Pacing 15s before "insu" (gap=15500ms)
[w4:cleanuprev:pro] Managed Turnstile token (len=816, 4494ms, reset)
[w4:cleanuprev:pro] [api] 200 mode=pro startsWith=insu
[w4:cleanuprev:pro] [api] 200 mode=pro startsWith=insu sort=alphabetical:desc (853ms direct)
[cleanup-rev:w4] "insu" reverse full page (100) start="insusurration" first='s' end="insulinized" next='l' — remove 6 covered groups, keep 's+l', removed 0/205 queue items, leave chars=lstuvwxyz, +0 words
[cleanup-rev:w4] Reverse-searching parent "inte" (10 queued descendants, chars=lmnopqrxyz)
[w4:cleanuprev:pro] Pacing 15s before "inte" (gap=15500ms)
[w4:cleanuprev:pro] Managed Turnstile token (len=816, 3580ms, reset)
[w4:cleanuprev:pro] [api] 200 mode=pro startsWith=inte
[w4:cleanuprev:pro] [api] 200 mode=pro startsWith=inte sort=alphabetical:desc (806ms direct)
[cleanup-rev:w4] "inte" reverse full page (100) start="intexture" first='x' end="intervertebrally" next='r' — remove 5 covered groups, keep 'x+r', removed 0/205 queue items, leave chars=lmnopqrxyz, +0 words
[cleanup-rev:w4] Reverse-searching parent "intr" (21 queued descendants, chars=abcdefghijklmnouvwxyz)
[w4:cleanuprev:pro] Pacing 15s before "intr" (gap=15500ms)
[w4:cleanuprev:pro] Managed Turnstile token (len=816, 3628ms, reset)
[w4:cleanuprev:pro] [api] 200 mode=pro startsWith=intr
[w4:cleanuprev:pro] [api] 200 mode=pro startsWith=intr sort=alphabetical:desc (817ms direct)
[cleanup-rev:w4] "intr" reverse full page (100) start="intrusts" first='u' end="intromission" next='o' — remove 5 covered groups, keep 'u+o', removed 0/205 queue items, leave chars=abcdefghijklmnouvwxyz, +0 words
[cleanup-rev:w4] Reverse-searching parent "inve" (3 queued descendants, chars=xyz)
[w4:cleanuprev:pro] Pacing 15s before "inve" (gap=15500ms)
[w4:cleanuprev:pro] Managed Turnstile token (len=816, 3629ms, reset)
[w4:cleanuprev:pro] [api] 200 mode=pro startsWith=inve
[w4:cleanuprev:pro] [api] 200 mode=pro startsWith=inve sort=alphabetical:desc (840ms direct)
[cleanup-rev:w4] "inve" reverse full page (100) start="invexed" first='x' end="inventoried" next='n' — remove 9 covered groups, keep 'x+n', removed 0/205 queue items, leave chars=xyz, +0 words
[cleanup-rev:w4] Reverse-searching parent "invi" (7 queued descendants, chars=tuvwxyz)
[w4:cleanuprev:pro] Pacing 15s before "invi" (gap=15500ms)
[w4:cleanuprev:pro] Managed Turnstile token (len=816, 3597ms, remount)
[w4:cleanuprev:pro] [api] 200 mode=pro startsWith=invi
[w4:cleanuprev:pro] [api] 200 mode=pro startsWith=invi sort=alphabetical:desc (531ms direct)
[cleanup-rev:w4] "invi" reverse full page (100) start="invivid" first='v' end="invidia" next='d' — remove 17 covered groups, keep 'v+d', removed 2/205 queue items, leave chars=vwxyz, +0 words
[cleanup-rev:w4] Reverse-searching parent "irid" (8 queued descendants, chars=stuvwxyz)
[w4:cleanuprev:pro] Pacing 15s before "irid" (gap=15500ms)
[w4:cleanuprev:pro] Managed Turnstile token (len=816, 3422ms, reset)
[w4:cleanuprev:pro] [api] 200 mode=pro startsWith=irid
[w4:cleanuprev:pro] [api] 200 mode=pro startsWith=irid sort=alphabetical:desc (809ms direct)
[cleanup-rev:w4] "irid" reverse full page (100) start="irids" first='s' end="irid" next='null' — remove 0 covered groups, keep 's', removed 0/203 queue items, leave chars=stuvwxyz, +0 words
[cleanup-rev:w4] Reverse-searching parent "irre" (16 queued descendants, chars=fghijklmnopvwxyz)
[w4:cleanuprev:pro] Pacing 15s before "irre" (gap=15500ms)
[w4:cleanuprev:pro] Managed Turnstile token (len=816, 3330ms, reset)
[w4:cleanuprev:pro] [api] 200 mode=pro startsWith=irre
[w4:cleanuprev:pro] [api] 200 mode=pro startsWith=irre sort=alphabetical:desc (848ms direct)
[cleanup-rev:w4] "irre" reverse full page (100) start="irrevoluble" first='v' end="irrepublican" next='p' — remove 5 covered groups, keep 'v+p', removed 0/203 queue items, leave chars=fghijklmnopvwxyz, +0 words
[cleanup-rev:w4] Reverse-searching parent "isoc" (2 queued descendants, chars=yz)
[w4:cleanuprev:pro] Pacing 15s before "isoc" (gap=15500ms)
[w4:cleanuprev:pro] Managed Turnstile token (len=816, 3486ms, reset)
[w4:cleanuprev:pro] [api] 200 mode=pro startsWith=isoc
[w4:cleanuprev:pro] [api] 200 mode=pro startsWith=isoc sort=alphabetical:desc (841ms direct)
[cleanup-rev:w4] "isoc" reverse full page (100) start="isocytic" first='y' end="isocheimal" next='h' — remove 16 covered groups, keep 'y+h', removed 0/203 queue items, leave chars=yz, +0 words
[cleanup-rev:w4] Reverse-searching parent "isop" (2 queued descendants, chars=yz)
[w4:cleanuprev:pro] Pacing 15s before "isop" (gap=15500ms)
[w4:cleanuprev:pro] Managed Turnstile token (len=816, 3635ms, reset)
[w4:cleanuprev:pro] [api] 200 mode=pro startsWith=isop
[w4:cleanuprev:pro] [api] 200 mode=pro startsWith=isop sort=alphabetical:desc (838ms direct)
[cleanup-rev:w4] "isop" reverse full page (100) start="isopyrrole" first='y' end="isopathy" next='a' — remove 23 covered groups, keep 'y+a', removed 0/203 queue items, leave chars=yz, +0 words
[cleanup-rev:w4] lll-audit-state-4.json done — parents=23 searches=23 removed=26
[cleanup-rev:w4] State 4 reverse cleanup finished
[cleanup-rev:w4] All states processed. searches=23 queue_removed=26
[w4:cleanuprev:pro] Managed Turnstile miss (876ms)
[w4:cleanuprev:pro] Tor exited code=0
