[cleanup-rev:w1] Reverse queue cleanup bot (DRY_RUN=false) | states=1..1 | sort=alphabetical:desc (Z→A) | parents=5-letter, prune queue items >=6 chars from high end | completed[] is never modified
[w1:cleanuprev:pro] Starting Tor gen=1 socks=127.0.0.1:19451 (try 1)
[w1:cleanuprev:pro] tor: Aug 05 08:23:28.517 [notice] Opened Socks listener connection (ready) on 127.0.0.1:19451
Aug 05 08:23:28.517 [warn] Fixing permissions on directory /tmp/lll-tor
[w1:cleanuprev:pro] tor: Aug 05 08:23:28.000 [notice] Bootstrapped 0% (starting): Starting
[w1:cleanuprev:pro] tor: Aug 05 08:23:29.000 [notice] Bootstrapped 5% (conn): Connecting to a relay
[w1:cleanuprev:pro] tor: Aug 05 08:23:29.000 [notice] Bootstrapped 10% (conn_done): Connected to a relay
[w1:cleanuprev:pro] tor: Aug 05 08:24:38.000 [notice] Bootstrapped 14% (handshake): Handshaking with a relay
[w1:cleanuprev:pro] tor: Aug 05 08:24:38.000 [notice] Bootstrapped 15% (handshake_done): Handshake with a relay done
[w1:cleanuprev:pro] tor: Aug 05 08:24:38.000 [notice] Bootstrapped 20% (onehop_create): Establishing an encrypted directory connection
[w1:cleanuprev:pro] tor: Aug 05 08:24:38.000 [notice] Bootstrapped 25% (requesting_status): Asking for networkstatus consensus
[w1:cleanuprev:pro] tor: Aug 05 08:24:38.000 [notice] Bootstrapped 30% (loading_status): Loading networkstatus consensus
[w1:cleanuprev:pro] tor: Aug 05 08:24:39.000 [notice] Bootstrapped 40% (loading_keys): Loading authority key certs
[w1:cleanuprev:pro] tor: Aug 05 08:24:39.000 [notice] Bootstrapped 45% (requesting_descriptors): Asking for relay descriptors
Aug 05 08:24:39.000 [notice] I learned some more directory 
[w1:cleanuprev:pro] tor: Aug 05 08:24:40.000 [notice] Bootstrapped 50% (loading_descriptors): Loading relay descriptors
[w1:cleanuprev:pro] tor: Aug 05 08:24:46.000 [notice] Bootstrapped 56% (loading_descriptors): Loading relay descriptors
[w1:cleanuprev:pro] tor: Aug 05 08:24:46.000 [notice] Bootstrapped 61% (loading_descriptors): Loading relay descriptors
[w1:cleanuprev:pro] tor: Aug 05 08:24:46.000 [notice] Bootstrapped 67% (loading_descriptors): Loading relay descriptors
[w1:cleanuprev:pro] tor: Aug 05 08:24:46.000 [notice] Bootstrapped 75% (enough_dirinfo): Loaded enough directory info to build circuits
[w1:cleanuprev:pro] tor: Aug 05 08:24:46.000 [notice] Bootstrapped 90% (ap_handshake_done): Handshake finished with a relay to build circuits
Aug 05 08:24:46.000 [notice] Bootstrapped 9
[w1:cleanuprev:pro] tor: Aug 05 08:24:47.000 [notice] Bootstrapped 100% (done): Done
[w1:cleanuprev:pro] Tor ready on 19451 exit=185.243.218.232
[cleanup-rev:w1] Browser mode=tor via tor#1 socks5://127.0.0.1:19451
[w1:cleanuprev:pro] Launching persistent Chrome profile /tmp/lll-pw-cleanup-rev-p5-w1-r0
[w1:cleanuprev:pro] Proxy tor#1 socks5://127.0.0.1:19451
[w1:cleanuprev:pro] Opening https://lastletterlibrary.com
[w1:cleanuprev:pro] Library mode=pro
[w1:cleanuprev:pro] Managed Turnstile token (len=816, 9401ms, remount)
[w1:cleanuprev:pro] Search mode=direct (skip UI Wait Ns… gate)
[cleanup-rev:w1] lll-audit-state-1.json w1: queue=796 completed=3160 words=35298 parents=0 (reverse Z→A)
[cleanup-rev:w1] lll-audit-state-1.json done — parents=0 searches=0 removed=0
[cleanup-rev:w1] State 1 reverse cleanup finished
[cleanup-rev:w1] All states processed. searches=0 queue_removed=0
[w1:cleanuprev:pro] Tor exited code=0
