[cleanup-rev:w7] Reverse queue cleanup bot (DRY_RUN=false) | states=7..7 | sort=alphabetical:desc (Z→A) | parents=3-letter, prune queue items >=4 chars from high end | completed[] is never modified
[w7:cleanuprev:pro] Starting Tor gen=1 socks=127.0.0.1:19357 (try 1)
[w7:cleanuprev:pro] tor: Aug 05 00:27:57.217 [warn] Fixing permissions on directory /tmp/lll-tor-w7
[w7:cleanuprev:pro] tor: Aug 05 00:27:57.000 [notice] Bootstrapped 0% (starting): Starting
[w7:cleanuprev:pro] tor: Aug 05 00:27:58.000 [notice] Bootstrapped 5% (conn): Connecting to a relay
[w7:cleanuprev:pro] tor: Aug 05 00:27:58.000 [notice] Bootstrapped 10% (conn_done): Connected to a relay
[w7:cleanuprev:pro] tor: Aug 05 00:29:07.000 [notice] Bootstrapped 14% (handshake): Handshaking with a relay
[w7:cleanuprev:pro] tor: Aug 05 00:29:07.000 [notice] Bootstrapped 15% (handshake_done): Handshake with a relay done
Aug 05 00:29:07.000 [notice] Bootstrapped 20% (onehop_create): Estab
[w7:cleanuprev:pro] tor: Aug 05 00:29:07.000 [notice] Bootstrapped 25% (requesting_status): Asking for networkstatus consensus
[w7:cleanuprev:pro] tor: Aug 05 00:29:07.000 [notice] Bootstrapped 30% (loading_status): Loading networkstatus consensus
[w7:cleanuprev:pro] tor: Aug 05 00:29:11.000 [notice] Bootstrapped 40% (loading_keys): Loading authority key certs
[w7:cleanuprev:pro] tor: Aug 05 00:29:13.000 [notice] The current consensus has no exit nodes. Tor can only build internal paths, such as paths to onion services.
Aug 05 00:29:13.000 [n
[w7:cleanuprev:pro] tor: Aug 05 00:29:15.000 [notice] Bootstrapped 50% (loading_descriptors): Loading relay descriptors
[w7:cleanuprev:pro] tor: Aug 05 00:29:59.000 [notice] Bootstrapped 55% (loading_descriptors): Loading relay descriptors
[w7:cleanuprev:pro] tor: Aug 05 00:30:00.000 [notice] Bootstrapped 61% (loading_descriptors): Loading relay descriptors
[w7:cleanuprev:pro] tor: Aug 05 00:30:02.000 [notice] Bootstrapped 67% (loading_descriptors): Loading relay descriptors
[w7:cleanuprev:pro] tor: Aug 05 00:30:03.000 [notice] Bootstrapped 75% (enough_dirinfo): Loaded enough directory info to build circuits
[w7:cleanuprev:pro] tor: Aug 05 00:30:03.000 [notice] Bootstrapped 90% (ap_handshake_done): Handshake finished with a relay to build circuits
Aug 05 00:30:03.000 [notice] Bootstrapped 9
[w7:cleanuprev:pro] tor: Aug 05 00:30:05.000 [notice] Bootstrapped 100% (done): Done
[w7:cleanuprev:pro] Tor ready on 19357 exit=192.42.116.97
[cleanup-rev:w7] Browser mode=tor via tor#1 socks5://127.0.0.1:19357
[w7:cleanuprev:pro] Launching persistent Chrome profile /tmp/lll-pw-cleanup-rev-w7-r0
[w7:cleanuprev:pro] Proxy tor#1 socks5://127.0.0.1:19357
[w7:cleanuprev:pro] Opening https://lastletterlibrary.com
[w7:cleanuprev:pro] Library mode=pro
[w7:cleanuprev:pro] Managed Turnstile token (len=816, 9720ms, remount)
[w7:cleanuprev:pro] Search mode=direct (skip UI Wait Ns… gate)
[cleanup-rev:w7] lll-audit-state-7.json w7: queue=244 completed=1192 words=9153 parents=22 (reverse Z→A)
[cleanup-rev:w7] Reverse-searching parent "occ" (3 queued descendants, chars=ijk)
[w7:cleanuprev:pro] [api] 200 mode=pro startsWith=occ
[w7:cleanuprev:pro] [api] 200 mode=pro startsWith=occ sort=alphabetical:desc (655ms direct)
[cleanup-rev:w7] "occ" reverse full page (100) start="occy" first='y' end="occipitobasilar" next='i' — remove 15 covered groups, keep 'y+i', removed 2/244 queue items, leave chars=i, +0 words
[cleanup-rev:w7] Reverse-searching parent "oct" (7 queued descendants, chars=ao)
[w7:cleanuprev:pro] Pacing 14s before "oct" (gap=15500ms)
[w7:cleanuprev:pro] Managed Turnstile token (len=816, 6250ms, reset)
[w7:cleanuprev:pro] [api] 200 mode=pro startsWith=oct
[w7:cleanuprev:pro] [api] 200 mode=pro startsWith=oct sort=alphabetical:desc (3921ms direct)
[cleanup-rev:w7] "oct" reverse full page (100) start="octyne" first='y' end="octogynous" next='o' — remove 9 covered groups, keep 'y+o', removed 0/242 queue items, leave chars=ao, +0 words
[cleanup-rev:w7] Reverse-searching parent "odo" (7 queued descendants, chars=n)
[w7:cleanuprev:pro] Pacing 9s before "odo" (gap=15500ms)
[w7:cleanuprev:pro] Managed Turnstile miss (12177ms)
[w7:cleanuprev:pro] Managed Turnstile token (len=816, 14917ms, remount)
[w7:cleanuprev:pro] [api] 200 mode=pro startsWith=odo
[w7:cleanuprev:pro] [api] 200 mode=pro startsWith=odo sort=alphabetical:desc (509ms direct)
[cleanup-rev:w7] "odo" reverse full page (100) start="odours" first='u' end="odontomas" next='n' — remove 6 covered groups, keep 'u+n', removed 0/242 queue items, leave chars=n, +0 words
[cleanup-rev:w7] Reverse-searching parent "ole" (17 queued descendants, chars=abcdefghijklmnopq)
[w7:cleanuprev:pro] Pacing 11s before "ole" (gap=15500ms)
[w7:cleanuprev:pro] [api] 403 mode=pro startsWith=ole
[w7:cleanuprev:pro] [api] 403 mode=pro startsWith=ole sort=alphabetical:desc (1076ms direct)
[cleanup-rev:w7] FAILED "ole" try 1/8: API 403 for "ole": Anti-bot verification failed. Please refresh the page.
[cleanup-rev:w7] Rotating IP (#1) after retry "ole" after failure
[w7:cleanuprev:pro] Managed Turnstile miss (2669ms)
[w7:cleanuprev:pro] Tor exited code=0
[w7:cleanuprev:pro] Starting Tor gen=2 socks=127.0.0.1:19357 (try 1)
[w7:cleanuprev:pro] tor: Aug 05 00:31:52.714 [notice] Opened Socks listener connection (ready) on 127.0.0.1:19357
Aug 05 00:31:52.714 [warn] Fixing permissions on directory /tmp/lll-tor
[w7:cleanuprev:pro] tor: Aug 05 00:31:52.000 [notice] Bootstrapped 0% (starting): Starting
[w7:cleanuprev:pro] tor: Aug 05 00:31:53.000 [notice] Bootstrapped 5% (conn): Connecting to a relay
[w7:cleanuprev:pro] tor: Aug 05 00:31:53.000 [notice] Bootstrapped 10% (conn_done): Connected to a relay
[w7:cleanuprev:pro] tor: Aug 05 00:31:59.000 [notice] Bootstrapped 14% (handshake): Handshaking with a relay
[w7:cleanuprev:pro] tor: Aug 05 00:31:59.000 [notice] Bootstrapped 15% (handshake_done): Handshake with a relay done
[w7:cleanuprev:pro] tor: Aug 05 00:31:59.000 [notice] Bootstrapped 20% (onehop_create): Establishing an encrypted directory connection
[w7:cleanuprev:pro] tor: Aug 05 00:32:00.000 [notice] Bootstrapped 25% (requesting_status): Asking for networkstatus consensus
[w7:cleanuprev:pro] tor: Aug 05 00:33:04.000 [notice] Bootstrapped 30% (loading_status): Loading networkstatus consensus
[w7:cleanuprev:pro] tor: Aug 05 00:33:06.000 [notice] Bootstrapped 40% (loading_keys): Loading authority key certs
[w7:cleanuprev:pro] tor: Aug 05 00:33:08.000 [notice] The current consensus has no exit nodes. Tor can only build internal paths, such as paths to onion services.
Aug 05 00:33:08.000 [n
[w7:cleanuprev:pro] tor: Aug 05 00:33:09.000 [notice] Bootstrapped 50% (loading_descriptors): Loading relay descriptors
[w7:cleanuprev:pro] tor: Aug 05 00:33:43.000 [notice] Bootstrapped 55% (loading_descriptors): Loading relay descriptors
[w7:cleanuprev:pro] tor: Aug 05 00:33:50.000 [notice] Bootstrapped 61% (loading_descriptors): Loading relay descriptors
[w7:cleanuprev:pro] tor: Aug 05 00:33:55.000 [notice] Bootstrapped 67% (loading_descriptors): Loading relay descriptors
[w7:cleanuprev:pro] tor: Aug 05 00:34:04.000 [notice] Bootstrapped 75% (enough_dirinfo): Loaded enough directory info to build circuits
[w7:cleanuprev:pro] tor: Aug 05 00:34:06.000 [notice] Bootstrapped 90% (ap_handshake_done): Handshake finished with a relay to build circuits
Aug 05 00:34:06.000 [notice] Bootstrapped 9
[w7:cleanuprev:pro] tor: Aug 05 00:34:13.000 [notice] Bootstrapped 100% (done): Done
[w7:cleanuprev:pro] Tor ready on 19357 exit=171.25.193.79
[cleanup-rev:w7] Browser mode=tor via tor#2 socks5://127.0.0.1:19357 rotation=1
[w7:cleanuprev:pro] Launching persistent Chrome profile /tmp/lll-pw-cleanup-rev-w7-r1
[w7:cleanuprev:pro] Proxy tor#2 socks5://127.0.0.1:19357
[w7:cleanuprev:pro] Opening https://lastletterlibrary.com
[w7:cleanuprev:pro] page.goto failed attempt 1: page.goto: Timeout 120000ms exceeded.
Call log:
  - navigating to "https://lastletterlibrary.com/", waiting until "domco
[w7:cleanuprev:pro] Library mode=pro
[w7:cleanuprev:pro] Turnstile mint hard timeout after 20000ms
[w7:cleanuprev:pro] Search mode=direct (skip UI Wait Ns… gate)
[w7:cleanuprev:pro] Site Turnstile remint timed out (20715ms)
[w7:cleanuprev:pro] Managed Turnstile miss (12269ms)
[w7:cleanuprev:pro] Managed Turnstile miss (10850ms)
[w7:cleanuprev:pro] Turnstile direct mint miss (1/2)
[w7:cleanuprev:pro] Turnstile mint hard timeout after 15000ms
[w7:cleanuprev:pro] Turnstile direct mint miss (2/2)
[cleanup-rev:w7] Turnstile miss on "ole" — reload (attempt 1)
[w7:cleanuprev:pro] Site Turnstile remint timed out (19434ms)
[w7:cleanuprev:pro] Managed Turnstile miss (13363ms)
[w7:cleanuprev:pro] Turnstile direct mint miss (1/2)
[w7:cleanuprev:pro] Site Turnstile remint timed out (14558ms)
[w7:cleanuprev:pro] Turnstile direct mint miss (2/2)
[cleanup-rev:w7] Rotating IP (#2) after Turnstile stuck on "ole"
[w7:cleanuprev:pro] Tor exited code=0
[w7:cleanuprev:pro] Starting Tor gen=3 socks=127.0.0.1:19357 (try 1)
[w7:cleanuprev:pro] tor: Aug 05 00:38:19.423 [warn] Fixing permissions on directory /tmp/lll-tor-w7
[w7:cleanuprev:pro] tor: Aug 05 00:38:19.000 [notice] Bootstrapped 0% (starting): Starting
[w7:cleanuprev:pro] tor: Aug 05 00:38:20.000 [notice] Bootstrapped 5% (conn): Connecting to a relay
[w7:cleanuprev:pro] tor: Aug 05 00:38:20.000 [notice] Bootstrapped 10% (conn_done): Connected to a relay
[w7:cleanuprev:pro] tor: Aug 05 00:38:22.000 [notice] Bootstrapped 14% (handshake): Handshaking with a relay
[w7:cleanuprev:pro] tor: Aug 05 00:38:22.000 [notice] Bootstrapped 15% (handshake_done): Handshake with a relay done
[w7:cleanuprev:pro] tor: Aug 05 00:38:22.000 [notice] Bootstrapped 20% (onehop_create): Establishing an encrypted directory connection
[w7:cleanuprev:pro] tor: Aug 05 00:38:22.000 [notice] Bootstrapped 25% (requesting_status): Asking for networkstatus consensus
[w7:cleanuprev:pro] tor: Aug 05 00:38:23.000 [notice] Bootstrapped 30% (loading_status): Loading networkstatus consensus
[w7:cleanuprev:pro] tor: Aug 05 00:38:35.000 [notice] Bootstrapped 40% (loading_keys): Loading authority key certs
[w7:cleanuprev:pro] tor: Aug 05 00:38:35.000 [notice] Bootstrapped 45% (requesting_descriptors): Asking for relay descriptors
Aug 05 00:38:35.000 [notice] I learned some more directory 
[w7:cleanuprev:pro] tor: Aug 05 00:38:36.000 [notice] Bootstrapped 50% (loading_descriptors): Loading relay descriptors
[w7:cleanuprev:pro] tor: Aug 05 00:38:44.000 [notice] Bootstrapped 55% (loading_descriptors): Loading relay descriptors
[w7:cleanuprev:pro] tor: Aug 05 00:38:45.000 [notice] Bootstrapped 61% (loading_descriptors): Loading relay descriptors
[w7:cleanuprev:pro] tor: Aug 05 00:38:45.000 [notice] Bootstrapped 67% (loading_descriptors): Loading relay descriptors
[w7:cleanuprev:pro] tor: Aug 05 00:38:45.000 [notice] Bootstrapped 75% (enough_dirinfo): Loaded enough directory info to build circuits
[w7:cleanuprev:pro] tor: Aug 05 00:38:45.000 [notice] Bootstrapped 90% (ap_handshake_done): Handshake finished with a relay to build circuits
Aug 05 00:38:45.000 [notice] Bootstrapped 9
[w7:cleanuprev:pro] tor: Aug 05 00:38:46.000 [notice] Bootstrapped 100% (done): Done
[w7:cleanuprev:pro] Tor ready on 19357 exit=192.42.116.62
[cleanup-rev:w7] Browser mode=tor via tor#3 socks5://127.0.0.1:19357 rotation=2
[w7:cleanuprev:pro] Launching persistent Chrome profile /tmp/lll-pw-cleanup-rev-w7-r2
[w7:cleanuprev:pro] Proxy tor#3 socks5://127.0.0.1:19357
[w7:cleanuprev:pro] Opening https://lastletterlibrary.com
[w7:cleanuprev:pro] Library mode=pro
[w7:cleanuprev:pro] Managed Turnstile token (len=816, 8687ms, remount)
[w7:cleanuprev:pro] Search mode=direct (skip UI Wait Ns… gate)
[w7:cleanuprev:pro] [api] 200 mode=pro startsWith=ole
[w7:cleanuprev:pro] [api] 200 mode=pro startsWith=ole sort=alphabetical:desc (1301ms direct)
[cleanup-rev:w7] "ole" reverse full page (100) start="oleylamine" first='y' end="oleana" next='a' — remove 23 covered groups, keep 'y+a', removed 16/242 queue items, leave chars=a, +0 words
[cleanup-rev:w7] Reverse-searching parent "oli" (7 queued descendants, chars=g)
[w7:cleanuprev:pro] Pacing 15s before "oli" (gap=15500ms)
[w7:cleanuprev:pro] Managed Turnstile token (len=816, 5653ms, reset)
[w7:cleanuprev:pro] [api] 200 mode=pro startsWith=oli
[w7:cleanuprev:pro] [api] 200 mode=pro startsWith=oli sort=alphabetical:desc (628ms direct)
[cleanup-rev:w7] "oli" reverse full page (100) start="olivinitic" first='v' end="oligopnea" next='g' — remove 14 covered groups, keep 'v+g', removed 0/226 queue items, leave chars=g, +0 words
[cleanup-rev:w7] Reverse-searching parent "omn" (9 queued descendants, chars=i)
[w7:cleanuprev:pro] Pacing 15s before "omn" (gap=15500ms)
[w7:cleanuprev:pro] Managed Turnstile token (len=816, 8259ms, reset)
[w7:cleanuprev:pro] [api] 200 mode=pro startsWith=omn
[w7:cleanuprev:pro] [api] 200 mode=pro startsWith=omn sort=alphabetical:desc (503ms direct)
[cleanup-rev:w7] "omn" reverse full page (100) start="omnivory" first='i' end="omnigraph" next='i' — remove 0 covered groups, keep 'i', removed 0/226 queue items, leave chars=i, +0 words
[cleanup-rev:w7] Reverse-searching parent "one" (1 queued descendants, chars=-)
[w7:cleanuprev:pro] Pacing 15s before "one" (gap=15500ms)
[w7:cleanuprev:pro] Managed Turnstile token (len=816, 6033ms, reset)
[w7:cleanuprev:pro] [api] 200 mode=pro startsWith=one
[w7:cleanuprev:pro] [api] 200 mode=pro startsWith=one sort=alphabetical:desc (607ms direct)
[cleanup-rev:w7] "one" reverse full page (100) start="oneyres" first='y' end="one-on-ones" next='-' — remove 1 covered groups, keep 'y+-', removed 0/226 queue items, leave chars=-, +0 words
[cleanup-rev:w7] Reverse-searching parent "ope" (12 queued descendants, chars=r)
[w7:cleanuprev:pro] Pacing 15s before "ope" (gap=15500ms)
[w7:cleanuprev:pro] Managed Turnstile token (len=816, 7851ms, reset)
[w7:cleanuprev:pro] [api] 200 mode=pro startsWith=ope
[w7:cleanuprev:pro] [api] 200 mode=pro startsWith=ope sort=alphabetical:desc (594ms direct)
[cleanup-rev:w7] "ope" reverse full page (100) start="opexes" first='x' end="operably" next='r' — remove 5 covered groups, keep 'x+r', removed 0/226 queue items, leave chars=r, +0 words
[cleanup-rev:w7] Reverse-searching parent "opi" (5 queued descendants, chars=nopqr)
[w7:cleanuprev:pro] Pacing 15s before "opi" (gap=15500ms)
[w7:cleanuprev:pro] Managed Turnstile token (len=816, 12015ms, reset)
[w7:cleanuprev:pro] [api] 200 mode=pro startsWith=opi
[w7:cleanuprev:pro] [api] 200 mode=pro startsWith=opi sort=alphabetical:desc (565ms direct)
[cleanup-rev:w7] "opi" reverse full page (100) start="opiums" first='u' end="opiniatrety" next='n' — remove 6 covered groups, keep 'u+n', removed 4/226 queue items, leave chars=n, +0 words
[cleanup-rev:w7] Reverse-searching parent "opp" (5 queued descendants, chars=opqrt)
[w7:cleanuprev:pro] Pacing 15s before "opp" (gap=15500ms)
[w7:cleanuprev:pro] Managed Turnstile token (len=816, 9099ms, reset)
[w7:cleanuprev:pro] [api] 200 mode=pro startsWith=opp
[w7:cleanuprev:pro] [api] 200 mode=pro startsWith=opp sort=alphabetical:desc (631ms direct)
[cleanup-rev:w7] "opp" reverse full page (100) start="oppugns" first='u' end="opponencies" next='o' — remove 5 covered groups, keep 'u+o', removed 4/222 queue items, leave chars=o, +0 words
[cleanup-rev:w7] Reverse-searching parent "opt" (10 queued descendants, chars=ijklmnopqr)
[w7:cleanuprev:pro] Pacing 15s before "opt" (gap=15500ms)
[w7:cleanuprev:pro] Managed Turnstile token (len=816, 6893ms, reset)
[w7:cleanuprev:pro] [api] 200 mode=pro startsWith=opt
[w7:cleanuprev:pro] [api] 200 mode=pro startsWith=opt sort=alphabetical:desc (676ms direct)
[cleanup-rev:w7] "opt" reverse full page (100) start="opts" first='s' end="opticopupillary" next='i' — remove 9 covered groups, keep 's+i', removed 9/218 queue items, leave chars=i, +0 words
[cleanup-rev:w7] Reverse-searching parent "ora" (8 queued descendants, chars=lmnopqrs)
[w7:cleanuprev:pro] Pacing 15s before "ora" (gap=15500ms)
[w7:cleanuprev:pro] Managed Turnstile token (len=816, 8054ms, remount)
[w7:cleanuprev:pro] [api] 200 mode=pro startsWith=ora
[w7:cleanuprev:pro] [api] 200 mode=pro startsWith=ora sort=alphabetical:desc (1752ms direct)
[cleanup-rev:w7] "ora" reverse full page (100) start="oratures" first='t' end="oralization" next='l' — remove 7 covered groups, keep 't+l', removed 7/209 queue items, leave chars=l, +0 words
[cleanup-rev:w7] Reverse-searching parent "orc" (11 queued descendants, chars=hijklmnopqr)
[w7:cleanuprev:pro] Pacing 14s before "orc" (gap=15500ms)
[w7:cleanuprev:pro] Managed Turnstile miss (12177ms)
[w7:cleanuprev:pro] Managed Turnstile miss (10359ms)
[w7:cleanuprev:pro] Turnstile direct mint miss (1/2)
[w7:cleanuprev:pro] Turnstile mint hard timeout after 15000ms
[w7:cleanuprev:pro] Turnstile direct mint miss (2/2)
[cleanup-rev:w7] Turnstile miss on "orc" — reload (attempt 1)
[w7:cleanuprev:pro] Site Turnstile remint timed out (15037ms)
[w7:cleanuprev:pro] Managed Turnstile miss (12413ms)
[w7:cleanuprev:pro] Turnstile mint hard timeout after 15000ms
[w7:cleanuprev:pro] Turnstile direct mint miss (1/2)
[w7:cleanuprev:pro] Managed Turnstile miss (15896ms)
[w7:cleanuprev:pro] Turnstile token present (len=816)
[w7:cleanuprev:pro] Site Turnstile token (13946ms)
[w7:cleanuprev:pro] [api] 200 mode=pro startsWith=orc
[w7:cleanuprev:pro] [api] 200 mode=pro startsWith=orc sort=alphabetical:desc (662ms direct)
[cleanup-rev:w7] "orc" reverse full page (100) start="orcs" first='s' end="orchestics" next='h' — remove 10 covered groups, keep 's+h', removed 10/202 queue items, leave chars=h, +0 words
[cleanup-rev:w7] Reverse-searching parent "org" (24 queued descendants, chars=abcdefghijklmnopqrstuvwx)
[w7:cleanuprev:pro] Pacing 15s before "org" (gap=15500ms)
[w7:cleanuprev:pro] [api] 403 mode=pro startsWith=org
[w7:cleanuprev:pro] [api] 403 mode=pro startsWith=org sort=alphabetical:desc (1302ms direct)
[cleanup-rev:w7] FAILED "org" try 1/8: API 403 for "org": Anti-bot verification failed. Please refresh the page.
[cleanup-rev:w7] Rotating IP (#3) after retry "org" after failure
[w7:cleanuprev:pro] Managed Turnstile miss (1342ms)
[w7:cleanuprev:pro] Tor exited code=0
[w7:cleanuprev:pro] Starting Tor gen=4 socks=127.0.0.1:19357 (try 1)
[w7:cleanuprev:pro] tor: Aug 05 00:43:01.352 [warn] Fixing permissions on directory /tmp/lll-tor-w7
[w7:cleanuprev:pro] tor: Aug 05 00:43:01.000 [notice] Bootstrapped 0% (starting): Starting
[w7:cleanuprev:pro] tor: Aug 05 00:43:02.000 [notice] Bootstrapped 5% (conn): Connecting to a relay
[w7:cleanuprev:pro] tor: Aug 05 00:43:02.000 [notice] Bootstrapped 10% (conn_done): Connected to a relay
[w7:cleanuprev:pro] tor: Aug 05 00:43:03.000 [notice] Bootstrapped 14% (handshake): Handshaking with a relay
[w7:cleanuprev:pro] tor: Aug 05 00:43:03.000 [notice] Bootstrapped 15% (handshake_done): Handshake with a relay done
[w7:cleanuprev:pro] tor: Aug 05 00:43:03.000 [notice] Bootstrapped 20% (onehop_create): Establishing an encrypted directory connection
[w7:cleanuprev:pro] tor: Aug 05 00:43:03.000 [notice] Bootstrapped 25% (requesting_status): Asking for networkstatus consensus
[w7:cleanuprev:pro] tor: Aug 05 00:43:04.000 [notice] Bootstrapped 30% (loading_status): Loading networkstatus consensus
[w7:cleanuprev:pro] tor: Aug 05 00:43:06.000 [notice] Bootstrapped 40% (loading_keys): Loading authority key certs
[w7:cleanuprev:pro] tor: Aug 05 00:43:06.000 [notice] Bootstrapped 45% (requesting_descriptors): Asking for relay descriptors
Aug 05 00:43:06.000 [notice] I learned some more directory 
[w7:cleanuprev:pro] tor: Aug 05 00:43:07.000 [notice] Bootstrapped 50% (loading_descriptors): Loading relay descriptors
[w7:cleanuprev:pro] tor: Aug 05 00:43:14.000 [notice] Bootstrapped 55% (loading_descriptors): Loading relay descriptors
[w7:cleanuprev:pro] tor: Aug 05 00:43:15.000 [notice] Bootstrapped 61% (loading_descriptors): Loading relay descriptors
[w7:cleanuprev:pro] tor: Aug 05 00:43:15.000 [notice] Bootstrapped 67% (loading_descriptors): Loading relay descriptors
[w7:cleanuprev:pro] tor: Aug 05 00:43:15.000 [notice] Bootstrapped 75% (enough_dirinfo): Loaded enough directory info to build circuits
[w7:cleanuprev:pro] tor: Aug 05 00:43:15.000 [notice] Bootstrapped 90% (ap_handshake_done): Handshake finished with a relay to build circuits
Aug 05 00:43:15.000 [notice] Bootstrapped 9
[w7:cleanuprev:pro] tor: Aug 05 00:43:16.000 [notice] Bootstrapped 100% (done): Done
[w7:cleanuprev:pro] Tor ready on 19357 exit=107.189.3.148
[cleanup-rev:w7] Browser mode=tor via tor#4 socks5://127.0.0.1:19357 rotation=3
[w7:cleanuprev:pro] Launching persistent Chrome profile /tmp/lll-pw-cleanup-rev-w7-r3
[w7:cleanuprev:pro] Proxy tor#4 socks5://127.0.0.1:19357
[w7:cleanuprev:pro] Opening https://lastletterlibrary.com
[w7:cleanuprev:pro] Library mode=pro
[w7:cleanuprev:pro] Managed Turnstile token (len=816, 6926ms, remount)
[w7:cleanuprev:pro] Search mode=direct (skip UI Wait Ns… gate)
[w7:cleanuprev:pro] [api] 200 mode=pro startsWith=org
[w7:cleanuprev:pro] [api] 200 mode=pro startsWith=org sort=alphabetical:desc (551ms direct)
[cleanup-rev:w7] "org" reverse full page (100) start="orgyia" first='y' end="organomercurial" next='a' — remove 23 covered groups, keep 'y+a', removed 23/192 queue items, leave chars=a, +0 words
[cleanup-rev:w7] Reverse-searching parent "ori" (20 queued descendants, chars=efghijklmnopqrstuvwx)
[w7:cleanuprev:pro] Pacing 15s before "ori" (gap=15500ms)
[w7:cleanuprev:pro] Managed Turnstile token (len=816, 3890ms, reset)
[w7:cleanuprev:pro] [api] 200 mode=pro startsWith=ori
[w7:cleanuprev:pro] [api] 200 mode=pro startsWith=ori sort=alphabetical:desc (1334ms direct)
[cleanup-rev:w7] "ori" reverse full page (100) start="oriya" first='y' end="orienteering" next='e' — remove 19 covered groups, keep 'y+e', removed 19/169 queue items, leave chars=e, +0 words
[cleanup-rev:w7] Reverse-searching parent "orn" (6 queued descendants, chars=ijklmn)
[w7:cleanuprev:pro] Pacing 15s before "orn" (gap=15500ms)
[w7:cleanuprev:pro] Managed Turnstile token (len=816, 4855ms, reset)
[w7:cleanuprev:pro] [api] 200 mode=pro startsWith=orn
[w7:cleanuprev:pro] [api] 200 mode=pro startsWith=orn sort=alphabetical:desc (412ms direct)
[cleanup-rev:w7] "orn" reverse full page (100) start="ornoite" first='o' end="ornithichnites" next='i' — remove 5 covered groups, keep 'o+i', removed 5/150 queue items, leave chars=i, +0 words
[cleanup-rev:w7] Reverse-searching parent "ort" (17 queued descendants, chars=hijklmnopqrstuvwx)
[w7:cleanuprev:pro] Pacing 16s before "ort" (gap=15500ms)
[w7:cleanuprev:pro] Managed Turnstile token (len=816, 4751ms, reset)
[w7:cleanuprev:pro] [api] 200 mode=pro startsWith=ort
[w7:cleanuprev:pro] [api] 200 mode=pro startsWith=ort sort=alphabetical:desc (1279ms direct)
[cleanup-rev:w7] "ort" reverse full page (100) start="ortyx" first='y' end="orthoptist" next='h' — remove 16 covered groups, keep 'y+h', removed 16/145 queue items, leave chars=h, +0 words
[cleanup-rev:w7] Reverse-searching parent "ost" (26 queued descendants, chars=eijklmnopqrstuvwx)
[w7:cleanuprev:pro] Pacing 15s before "ost" (gap=15500ms)
[w7:cleanuprev:pro] Managed Turnstile token (len=816, 4604ms, reset)
[w7:cleanuprev:pro] [api] 200 mode=pro startsWith=ost
[w7:cleanuprev:pro] [api] 200 mode=pro startsWith=ost sort=alphabetical:desc (1125ms direct)
[cleanup-rev:w7] "ost" reverse full page (100) start="ostyak" first='y' end="ostioles" next='i' — remove 15 covered groups, keep 'y+i', removed 15/129 queue items, leave chars=ei, +0 words
[cleanup-rev:w7] Reverse-searching parent "oto" (1 queued descendants, chars=z)
[w7:cleanuprev:pro] Pacing 15s before "oto" (gap=15500ms)
[w7:cleanuprev:pro] Managed Turnstile token (len=816, 4857ms, reset)
[w7:cleanuprev:pro] [api] 200 mode=pro startsWith=oto
[w7:cleanuprev:pro] [api] 200 mode=pro startsWith=oto sort=alphabetical:desc (1150ms direct)
[cleanup-rev:w7] "oto" reverse full page (100) start="otozoum" first='z' end="otoconia" next='c' — remove 22 covered groups, keep 'z+c', removed 0/114 queue items, leave chars=z, +0 words
[cleanup-rev:w7] Reverse-searching parent "out" (25 queued descendants, chars=bcdefghijklmnopqrstuvwxyz)
[w7:cleanuprev:pro] Pacing 15s before "out" (gap=15500ms)
[w7:cleanuprev:pro] Managed Turnstile token (len=816, 4957ms, reset)
[w7:cleanuprev:pro] [api] 200 mode=pro startsWith=out
[w7:cleanuprev:pro] [api] 200 mode=pro startsWith=out sort=alphabetical:desc (385ms direct)
[cleanup-rev:w7] "out" reverse full page (100) start="outzany" first='z' end="outwicked" next='w' — remove 2 covered groups, keep 'z+w', removed 2/114 queue items, leave chars=bcdefghijklmnopqrstuvwz, +100 words
[cleanup-rev:w7] Reverse-searching parent "ove" (3 queued descendants, chars=ryz)
[w7:cleanuprev:pro] Pacing 16s before "ove" (gap=15500ms)
[w7:cleanuprev:pro] Managed Turnstile miss (12039ms)
[w7:cleanuprev:pro] [api] 200 mode=pro startsWith=ove
[w7:cleanuprev:pro] [api] 200 mode=pro startsWith=ove sort=alphabetical:desc (1171ms direct)
[cleanup-rev:w7] "ove" reverse full page (100) start="ovey" first='y' end="overwhelms" next='r' — remove 6 covered groups, keep 'y+r', removed 0/112 queue items, leave chars=ryz, +0 words
[cleanup-rev:w7] Reverse-searching parent "oxy" (20 queued descendants, chars=ghijklmnopqrstuvwxyz)
[w7:cleanuprev:pro] Pacing 15s before "oxy" (gap=15500ms)
[w7:cleanuprev:pro] Managed Turnstile token (len=816, 5013ms, reset)
[w7:cleanuprev:pro] [api] 200 mode=pro startsWith=oxy
[w7:cleanuprev:pro] [api] 200 mode=pro startsWith=oxy sort=alphabetical:desc (1129ms direct)
[cleanup-rev:w7] "oxy" reverse full page (100) start="oxywelding" first='w' end="oxymora" next='m' — remove 9 covered groups, keep 'w+m', removed 9/112 queue items, leave chars=ghijklmwxyz, +100 words
[cleanup-rev:w7] lll-audit-state-7.json done — parents=22 searches=22 removed=141
[cleanup-rev:w7] State 7 reverse cleanup finished
[cleanup-rev:w7] All states processed. searches=22 queue_removed=141
[w7:cleanuprev:pro] Managed Turnstile miss (1165ms)
[w7:cleanuprev:pro] Tor exited code=0
