2026-08-05T16:13:21 daemon up pid=74192 PROXY_MODE=list
2026-08-05T16:13:22 w4 down with queue=126 — spawning
2026-08-05T16:13:22 started w4 pid=74260 letters=ij queue=126
2026-08-05T16:13:34 w5 down with queue=130 — spawning
2026-08-05T16:13:34 started w5 pid=74774 letters=kl queue=130
2026-08-05T16:13:46 w8 down with queue=130 — spawning
2026-08-05T16:13:47 started w8 pid=75239 letters=qr queue=130
2026-08-05T16:13:59 w11 down with queue=122 — spawning
2026-08-05T16:13:59 started w11 pid=75794 letters=wxyz queue=122
2026-08-05T16:14:51 health alive=[4, 5, 8, 11] drained=[]
2026-08-05T16:15:45 health alive=[4, 5, 8, 11] drained=[]
2026-08-05T16:16:11 health alive=[4, 5, 8, 11] drained=[]
2026-08-05T16:16:36 health alive=[4, 5, 8, 11] drained=[]
2026-08-05T16:17:02 health alive=[4, 5, 8, 11] drained=[]
2026-08-05T16:17:29 health alive=[4, 5, 8, 11] drained=[]
2026-08-05T16:17:55 health alive=[4, 5, 8, 11] drained=[]
2026-08-05T16:18:24 health alive=[4, 5, 8, 11] drained=[]
2026-08-05T16:18:53 health alive=[4, 5, 8, 11] drained=[]
2026-08-05T16:19:59 health alive=[4, 5, 8, 11] drained=[]
2026-08-05T16:21:05 health alive=[4, 5, 8, 11] drained=[]
2026-08-05T16:21:31 health alive=[4, 5, 8, 11] drained=[]
2026-08-05T16:21:57 health alive=[4, 5, 8, 11] drained=[]
2026-08-05T16:22:22 health alive=[4, 5, 8, 11] drained=[]
2026-08-05T16:22:48 health alive=[4, 5, 8, 11] drained=[]
2026-08-05T16:23:14 health alive=[4, 5, 8, 11] drained=[]
2026-08-05T16:23:40 health alive=[4, 5, 8, 11] drained=[]
2026-08-05T16:24:41 health alive=[4, 5, 8, 11] drained=[]
2026-08-05T16:25:16 health alive=[4, 5, 8, 11] drained=[]
2026-08-05T16:25:47 health alive=[4, 5, 8, 11] drained=[]
2026-08-05T16:26:35 health alive=[4, 5, 8, 11] drained=[]
2026-08-05T16:27:23 health alive=[4, 5, 8, 11] drained=[]
2026-08-05T16:28:01 health alive=[4, 5, 8, 11] drained=[]
2026-08-05T16:28:58 health alive=[4, 5, 8, 11] drained=[]
2026-08-05T16:29:43 health alive=[4, 5, 8, 11] drained=[]
2026-08-05T16:30:09 health alive=[4, 5, 8, 11] drained=[]
2026-08-05T16:30:45 health alive=[4, 5, 8, 11] drained=[]
2026-08-05T16:31:11 health alive=[4, 5, 8, 11] drained=[]
2026-08-05T16:31:37 health alive=[4, 5, 8, 11] drained=[]
2026-08-05T16:32:03 health alive=[4, 5, 8, 11] drained=[]
2026-08-05T16:32:39 health alive=[4, 5, 8, 11] drained=[]
2026-08-05T16:33:17 health alive=[4, 5, 8, 11] drained=[]
2026-08-05T16:34:15 health alive=[4, 5, 8, 11] drained=[]
2026-08-05T16:34:41 health alive=[4, 5, 8, 11] drained=[]
2026-08-05T16:35:12 health alive=[4, 5, 8, 11] drained=[]
2026-08-05T16:36:02 health alive=[4, 5, 8, 11] drained=[]
2026-08-05T16:37:09 health alive=[4, 5, 8, 11] drained=[]
2026-08-05T16:37:48 health alive=[4, 5, 8, 11] drained=[]
2026-08-05T16:38:26 health alive=[4, 5, 8, 11] drained=[]
2026-08-05T16:39:08 health alive=[4, 5, 8, 11] drained=[]
2026-08-05T16:39:49 health alive=[4, 5, 8, 11] drained=[]
2026-08-05T16:40:35 health alive=[4, 5, 8, 11] drained=[]
2026-08-05T16:41:06 health alive=[4, 5, 8, 11] drained=[]
2026-08-05T16:41:38 health alive=[4, 5, 8, 11] drained=[]
2026-08-05T16:42:13 health alive=[4, 5, 8, 11] drained=[]
2026-08-05T16:43:14 health alive=[4, 5, 8, 11] drained=[]
2026-08-05T16:44:14 health alive=[4, 5, 8, 11] drained=[]
2026-08-05T16:44:54 health alive=[4, 5, 8, 11] drained=[]
2026-08-05T16:45:35 health alive=[4, 5, 8, 11] drained=[]
2026-08-05T16:46:17 health alive=[4, 5, 8, 11] drained=[]
2026-08-05T16:47:04 health alive=[4, 5, 8, 11] drained=[]
2026-08-05T16:48:06 health alive=[4, 5, 8, 11] drained=[]
2026-08-05T16:49:35 health alive=[4, 5, 8, 11] drained=[]
2026-08-05T16:50:04 health alive=[4, 5, 8, 11] drained=[]
2026-08-05T16:50:29 health alive=[4, 5, 8, 11] drained=[]
2026-08-05T16:51:18 health alive=[4, 5, 8, 11] drained=[]
2026-08-05T16:52:20 health alive=[4, 5, 8, 11] drained=[]
2026-08-05T16:53:01 health alive=[4, 5, 8, 11] drained=[]
2026-08-05T16:53:49 health alive=[4, 5, 8, 11] drained=[]
2026-08-05T16:54:30 health alive=[4, 5, 8, 11] drained=[]
2026-08-05T16:55:26 health alive=[4, 5, 8, 11] drained=[]
2026-08-05T16:56:28 health alive=[4, 5, 8, 11] drained=[]
2026-08-05T16:57:26 health alive=[4, 5, 8, 11] drained=[]
2026-08-05T16:57:55 health alive=[4, 5, 8, 11] drained=[]
2026-08-05T16:58:21 health alive=[4, 5, 8, 11] drained=[]
2026-08-05T16:58:59 health alive=[4, 5, 8, 11] drained=[]
2026-08-05T16:59:50 health alive=[4, 5, 8, 11] drained=[]
2026-08-05T17:00:49 health alive=[4, 5, 8, 11] drained=[]
2026-08-05T17:01:39 health alive=[4, 5, 8, 11] drained=[]
2026-08-05T17:02:25 health alive=[4, 5, 8, 11] drained=[]
2026-08-05T17:03:11 health alive=[4, 5, 8, 11] drained=[]
2026-08-05T17:03:44 w8 down with queue=137 — spawning
2026-08-05T17:03:44 started w8 pid=56634 letters=qr queue=137
2026-08-05T17:04:37 health alive=[4, 5, 8, 11] drained=[]
2026-08-05T17:05:07 health alive=[4, 5, 8, 11] drained=[]
2026-08-05T17:05:57 health alive=[4, 5, 8, 11] drained=[]
2026-08-05T17:06:24 health alive=[4, 5, 8, 11] drained=[]
2026-08-05T17:06:55 health alive=[4, 5, 8, 11] drained=[]
2026-08-05T17:07:35 health alive=[4, 5, 8, 11] drained=[]
2026-08-05T17:08:18 health alive=[4, 5, 8, 11] drained=[]
2026-08-05T17:09:03 health alive=[4, 5, 8, 11] drained=[]
2026-08-05T17:09:52 health alive=[4, 5, 8, 11] drained=[]
2026-08-05T17:10:30 health alive=[4, 5, 8, 11] drained=[]
2026-08-05T17:11:22 health alive=[4, 5, 8, 11] drained=[]
2026-08-05T17:11:53 health alive=[4, 5, 8, 11] drained=[]
2026-08-05T17:12:48 health alive=[4, 5, 8, 11] drained=[]
2026-08-05T17:14:02 health alive=[4, 5, 8, 11] drained=[]
2026-08-05T17:14:30 health alive=[4, 5, 8, 11] drained=[]
2026-08-05T17:15:01 health alive=[4, 5, 8, 11] drained=[]
2026-08-05T17:15:38 health alive=[4, 5, 8, 11] drained=[]
2026-08-05T17:16:05 health alive=[4, 5, 8, 11] drained=[]
2026-08-05T17:16:33 health alive=[4, 5, 8, 11] drained=[]
2026-08-05T17:16:59 health alive=[4, 5, 8, 11] drained=[]
2026-08-05T17:17:24 health alive=[4, 5, 8, 11] drained=[]
2026-08-05T17:17:50 health alive=[4, 5, 8, 11] drained=[]
2026-08-05T17:18:16 health alive=[4, 5, 8, 11] drained=[]
2026-08-05T17:18:42 health alive=[4, 5, 8, 11] drained=[]
2026-08-05T17:19:08 health alive=[4, 5, 8, 11] drained=[]
2026-08-05T17:19:34 health alive=[4, 5, 8, 11] drained=[]
2026-08-05T17:20:03 health alive=[4, 5, 8, 11] drained=[]
2026-08-05T17:20:32 health alive=[4, 5, 8, 11] drained=[]
2026-08-05T17:21:03 health alive=[4, 5, 8, 11] drained=[]
2026-08-05T17:21:29 health alive=[4, 5, 8, 11] drained=[]
2026-08-05T17:21:55 health alive=[4, 5, 8, 11] drained=[]
2026-08-05T17:22:21 health alive=[4, 5, 8, 11] drained=[]
2026-08-05T17:22:48 health alive=[4, 5, 8, 11] drained=[]
2026-08-05T17:23:18 health alive=[4, 5, 8, 11] drained=[]
2026-08-05T17:23:52 health alive=[4, 5, 8, 11] drained=[]
2026-08-05T17:24:24 health alive=[4, 5, 8, 11] drained=[]
2026-08-05T17:24:53 health alive=[4, 5, 8, 11] drained=[]
2026-08-05T17:25:20 health alive=[4, 5, 8, 11] drained=[]
2026-08-05T17:25:52 health alive=[4, 5, 8, 11] drained=[]
2026-08-05T17:26:31 health alive=[4, 5, 8, 11] drained=[]
2026-08-05T17:26:56 w5 down with queue=173 — spawning
2026-08-05T17:26:56 started w5 pid=3547 letters=kl queue=173
2026-08-05T17:27:09 health alive=[4, 5, 8, 11] drained=[]
2026-08-05T17:27:38 health alive=[4, 5, 8, 11] drained=[]
2026-08-05T17:28:07 health alive=[4, 5, 8, 11] drained=[]
2026-08-05T17:28:53 health alive=[4, 5, 8, 11] drained=[]
2026-08-05T17:29:23 health alive=[4, 5, 8, 11] drained=[]
2026-08-05T17:29:53 health alive=[4, 5, 8, 11] drained=[]
2026-08-05T17:30:49 health alive=[4, 5, 8, 11] drained=[]
2026-08-05T17:31:27 health alive=[4, 5, 8, 11] drained=[]
2026-08-05T17:32:38 health alive=[4, 5, 8, 11] drained=[]
2026-08-05T17:33:46 health alive=[4, 5, 8, 11] drained=[]
2026-08-05T17:35:45 health alive=[4, 5, 8, 11] drained=[]
2026-08-05T17:36:11 health alive=[4, 5, 8, 11] drained=[]
2026-08-05T17:36:37 health alive=[4, 5, 8, 11] drained=[]
2026-08-05T17:37:02 health alive=[4, 5, 8, 11] drained=[]
2026-08-05T17:37:28 health alive=[4, 5, 8, 11] drained=[]
2026-08-05T17:38:03 health alive=[4, 5, 8, 11] drained=[]
2026-08-05T17:38:34 health alive=[4, 5, 8, 11] drained=[]
2026-08-05T17:40:34 health alive=[4, 5, 8, 11] drained=[]
2026-08-05T17:41:42 health alive=[4, 5, 8, 11] drained=[]
2026-08-05T17:42:36 health alive=[4, 5, 8, 11] drained=[]
2026-08-05T17:44:28 health alive=[4, 5, 8, 11] drained=[]
2026-08-05T17:45:06 health alive=[4, 5, 8, 11] drained=[]
2026-08-05T17:45:32 health alive=[4, 5, 8, 11] drained=[]
2026-08-05T17:46:31 health alive=[4, 5, 8, 11] drained=[]
2026-08-05T17:47:40 health alive=[4, 5, 8, 11] drained=[]
2026-08-05T17:48:45 health alive=[4, 5, 8, 11] drained=[]
2026-08-05T17:49:45 health alive=[4, 5, 8, 11] drained=[]
2026-08-05T17:50:34 health alive=[4, 5, 8, 11] drained=[]
2026-08-05T17:51:29 health alive=[4, 5, 8, 11] drained=[]
2026-08-05T17:52:23 health alive=[4, 8, 11] drained=[]
2026-08-05T17:52:52 w5 down with queue=206 — spawning
2026-08-05T17:52:52 started w5 pid=39288 letters=kl queue=206
2026-08-05T17:53:30 health alive=[4, 8, 11] drained=[]
2026-08-05T17:54:01 w5 down with queue=206 — spawning
2026-08-05T17:54:01 started w5 pid=41406 letters=kl queue=206
2026-08-05T17:54:47 health alive=[4, 8, 11] drained=[]
2026-08-05T17:55:21 w5 down with queue=206 — spawning
2026-08-05T17:55:21 started w5 pid=43873 letters=kl queue=206
2026-08-05T17:56:07 health alive=[4, 8, 11] drained=[]
2026-08-05T17:56:41 w5 down with queue=206 — spawning
2026-08-05T17:56:41 started w5 pid=46202 letters=kl queue=206
2026-08-05T17:57:29 health alive=[4, 8, 11] drained=[]
