2026-08-05T21:06:59 daemon up pid=98790
2026-08-05T21:07:10 health alive=[17, 18, 19, 20] drained=[]
2026-08-05T21:07:44 health alive=[17, 18, 19, 20] drained=[]
2026-08-05T21:09:02 health alive=[17, 18, 19, 20] drained=[]
2026-08-05T21:09:31 health alive=[17, 18, 19, 20] drained=[]
2026-08-05T21:11:00 health alive=[17, 18, 19, 20] drained=[]
2026-08-05T21:12:22 health alive=[17, 18, 19, 20] drained=[]
2026-08-05T21:12:51 health alive=[17, 18, 19, 20] drained=[]
2026-08-05T21:14:07 health alive=[17, 18, 19, 20] drained=[]
2026-08-05T21:14:51 w18 down with queue=63 — spawning
2026-08-05T21:14:51 started w18 pid=13398 letters=st queue=63
2026-08-05T21:15:36 health alive=[17, 18, 20] drained=[]
2026-08-05T21:16:04 w19 down with queue=58 — spawning
2026-08-05T21:16:04 started w19 pid=14875 letters=st queue=58
2026-08-05T21:16:18 health alive=[17, 18, 19, 20] drained=[]
2026-08-05T21:17:03 health alive=[17, 18, 19, 20] drained=[]
2026-08-05T21:18:27 health alive=[17, 18, 19, 20] drained=[]
2026-08-05T21:19:44 health alive=[17, 18, 19, 20] drained=[]
2026-08-05T21:20:42 health alive=[17, 18, 19, 20] drained=[]
2026-08-05T21:21:44 health alive=[17, 18, 19, 20] drained=[]
2026-08-05T21:23:32 health alive=[17, 18, 19, 20] drained=[]
2026-08-05T21:25:11 health alive=[17, 18, 19, 20] drained=[]
2026-08-05T21:25:36 w19 down with queue=64 — spawning
2026-08-05T21:25:36 started w19 pid=29825 letters=st queue=64
2026-08-05T21:25:47 health alive=[17, 18, 19, 20] drained=[]
2026-08-05T21:26:49 health alive=[17, 19, 20] drained=[]
2026-08-05T21:27:15 w18 down with queue=91 — spawning
2026-08-05T21:27:15 started w18 pid=33235 letters=st queue=91
2026-08-05T21:28:13 health alive=[17, 18, 19] drained=[]
2026-08-05T21:28:56 w20 down with queue=77 — spawning
2026-08-05T21:28:56 started w20 pid=35777 letters=st queue=77
2026-08-05T21:29:29 health alive=[17, 18, 19, 20] drained=[]
2026-08-05T21:29:59 health alive=[17, 18, 19, 20] drained=[]
2026-08-05T21:30:40 health alive=[17, 18, 19, 20] drained=[]
2026-08-05T21:31:50 health alive=[17, 18, 19, 20] drained=[]
2026-08-05T21:32:19 health alive=[17, 18, 19, 20] drained=[]
2026-08-05T21:33:03 health alive=[17, 18, 19, 20] drained=[]
2026-08-05T21:33:28 w19 down with queue=107 — spawning
2026-08-05T21:33:28 started w19 pid=46352 letters=st queue=107
2026-08-05T21:34:09 health alive=[17, 18, 19, 20] drained=[]
2026-08-05T21:34:36 health alive=[17, 18, 19, 20] drained=[]
2026-08-05T21:35:37 health alive=[17, 18, 19, 20] drained=[]
2026-08-05T21:36:22 health alive=[17, 18, 19, 20] drained=[]
2026-08-05T21:37:25 health alive=[17, 18, 19, 20] drained=[]
2026-08-05T21:37:56 health alive=[17, 18, 19, 20] drained=[]
2026-08-05T21:39:03 health alive=[17, 18, 19, 20] drained=[]
2026-08-05T21:39:42 w18 down with queue=133 — spawning
2026-08-05T21:39:42 started w18 pid=58614 letters=st queue=133
2026-08-05T21:40:25 health alive=[17, 18, 19, 20] drained=[]
2026-08-05T21:41:49 health alive=[17, 18, 19, 20] drained=[]
2026-08-05T21:42:57 health alive=[17, 18, 19, 20] drained=[]
2026-08-05T21:43:29 health alive=[17, 18, 19, 20] drained=[]
2026-08-05T21:43:56 health alive=[17, 18, 19, 20] drained=[]
2026-08-05T21:45:19 health alive=[17, 18, 19, 20] drained=[]
2026-08-05T21:46:37 health alive=[17, 18, 19, 20] drained=[]
2026-08-05T21:47:14 w18 down with queue=166 — spawning
2026-08-05T21:47:14 started w18 pid=72545 letters=st queue=166
2026-08-05T21:48:07 health alive=[17, 18, 19, 20] drained=[]
2026-08-05T21:49:10 health alive=[17, 18, 19, 20] drained=[]
2026-08-05T21:50:13 health alive=[17, 18, 19, 20] drained=[]
2026-08-05T21:51:09 health alive=[17, 18, 19, 20] drained=[]
2026-08-05T21:52:45 health alive=[17, 18, 19, 20] drained=[]
2026-08-05T21:53:54 health alive=[17, 18, 19, 20] drained=[]
2026-08-05T21:54:20 health alive=[17, 18, 19, 20] drained=[]
2026-08-05T21:54:47 health alive=[17, 18, 19, 20] drained=[]
2026-08-05T21:55:13 health alive=[17, 18, 19, 20] drained=[]
2026-08-05T21:55:39 health alive=[17, 18, 19, 20] drained=[]
2026-08-05T21:56:04 health alive=[17, 18, 19, 20] drained=[]
2026-08-05T21:56:39 health alive=[17, 18, 19, 20] drained=[]
2026-08-05T21:57:04 w20 down with queue=115 — spawning
2026-08-05T21:57:04 started w20 pid=93903 letters=st queue=115
2026-08-05T21:57:16 health alive=[17, 18, 19, 20] drained=[]
2026-08-05T21:58:29 health alive=[17, 18, 19, 20] drained=[]
2026-08-05T21:58:55 health alive=[17, 18, 19, 20] drained=[]
2026-08-05T21:59:46 health alive=[17, 18, 19, 20] drained=[]
2026-08-05T22:00:11 w17 down with queue=29 — spawning
2026-08-05T22:00:11 started w17 pid=1832 letters=st queue=29
2026-08-05T22:01:07 health alive=[17, 18, 19, 20] drained=[]
2026-08-05T22:01:39 health alive=[17, 18, 19, 20] drained=[]
2026-08-05T22:02:34 health alive=[17, 18, 19, 20] drained=[]
2026-08-05T22:03:01 health alive=[17, 18, 19, 20] drained=[]
2026-08-05T22:04:00 health alive=[17, 18, 19, 20] drained=[]
2026-08-05T22:04:28 health alive=[17, 18, 19, 20] drained=[]
2026-08-05T22:05:20 health alive=[17, 18, 19, 20] drained=[]
2026-08-05T22:05:50 health alive=[17, 18, 19, 20] drained=[]
2026-08-05T22:06:43 health alive=[17, 18, 19, 20] drained=[]
2026-08-05T22:07:42 health alive=[17, 18, 19, 20] drained=[]
2026-08-05T22:08:10 health alive=[17, 18, 19, 20] drained=[]
2026-08-05T22:08:36 health alive=[17, 18, 19, 20] drained=[]
2026-08-05T22:09:05 health alive=[17, 18, 19, 20] drained=[]
2026-08-05T22:09:51 health alive=[17, 18, 19, 20] drained=[]
2026-08-05T22:10:39 health alive=[17, 18, 19, 20] drained=[]
2026-08-05T22:11:05 health alive=[17, 18, 19, 20] drained=[]
2026-08-05T22:11:49 health alive=[17, 18, 19, 20] drained=[]
2026-08-05T22:12:16 health alive=[17, 18, 19, 20] drained=[]
2026-08-05T22:12:42 health alive=[18, 19, 20] drained=[17]
2026-08-05T22:13:08 health alive=[18, 19, 20] drained=[17]
2026-08-05T22:13:49 health alive=[18, 19, 20] drained=[17]
2026-08-05T22:14:19 health alive=[18, 19, 20] drained=[17]
2026-08-05T22:14:55 health alive=[18, 19, 20] drained=[17]
2026-08-05T22:15:22 health alive=[18, 19, 20] drained=[17]
2026-08-05T22:15:48 health alive=[18, 19, 20] drained=[17]
2026-08-05T22:16:18 health alive=[18, 19, 20] drained=[17]
2026-08-05T22:17:07 health alive=[18, 19, 20] drained=[17]
2026-08-05T22:17:35 health alive=[18, 19, 20] drained=[17]
2026-08-05T22:18:08 health alive=[18, 19, 20] drained=[17]
2026-08-05T22:18:41 health alive=[18, 19, 20] drained=[17]
2026-08-05T22:19:11 health alive=[18, 19, 20] drained=[17]
2026-08-05T22:19:52 health alive=[18, 19, 20] drained=[17]
2026-08-05T22:20:21 health alive=[18, 19, 20] drained=[17]
2026-08-05T22:20:47 health alive=[18, 19, 20] drained=[17]
2026-08-05T22:21:16 health alive=[18, 19, 20] drained=[17]
2026-08-05T22:21:57 health alive=[18, 19, 20] drained=[17]
2026-08-05T22:22:40 health alive=[18, 19, 20] drained=[17]
2026-08-05T22:23:06 health alive=[18, 19, 20] drained=[17]
2026-08-05T22:23:32 health alive=[18, 19, 20] drained=[17]
2026-08-05T22:24:00 health alive=[18, 19, 20] drained=[17]
2026-08-05T22:24:40 health alive=[18, 19, 20] drained=[17]
2026-08-05T22:25:21 health alive=[18, 19, 20] drained=[17]
2026-08-05T22:25:52 health alive=[18, 19, 20] drained=[17]
2026-08-05T22:26:31 health alive=[18, 19, 20] drained=[17]
2026-08-05T22:26:59 health alive=[18, 19, 20] drained=[17]
2026-08-05T22:27:35 health alive=[18, 19, 20] drained=[17]
2026-08-05T22:28:00 health alive=[18, 19, 20] drained=[17]
2026-08-05T22:28:26 health alive=[18, 19, 20] drained=[17]
2026-08-05T22:28:56 health alive=[18, 19, 20] drained=[17]
2026-08-05T22:29:23 health alive=[18, 19, 20] drained=[17]
2026-08-05T22:29:55 health alive=[18, 19, 20] drained=[17]
2026-08-05T22:30:26 health alive=[18, 19, 20] drained=[17]
2026-08-05T22:30:53 health alive=[18, 19, 20] drained=[17]
2026-08-05T22:31:20 health alive=[18, 19, 20] drained=[17]
2026-08-05T22:31:45 health alive=[18, 19, 20] drained=[17]
2026-08-05T22:32:14 health alive=[18, 19, 20] drained=[17]
2026-08-05T22:32:45 health alive=[18, 19, 20] drained=[17]
2026-08-05T22:33:33 health alive=[18, 19, 20] drained=[17]
2026-08-05T22:34:01 health alive=[18, 19, 20] drained=[17]
2026-08-05T22:34:27 health alive=[18, 19, 20] drained=[17]
2026-08-05T22:34:53 health alive=[18, 19, 20] drained=[17]
2026-08-05T22:35:18 health alive=[18, 19, 20] drained=[17]
2026-08-05T22:35:44 health alive=[18, 19, 20] drained=[17]
2026-08-05T22:36:15 health alive=[18, 19, 20] drained=[17]
2026-08-05T22:36:40 health alive=[18, 19, 20] drained=[17]
2026-08-05T22:37:06 health alive=[18, 19, 20] drained=[17]
2026-08-05T22:37:33 health alive=[18, 19, 20] drained=[17]
2026-08-05T22:37:59 health alive=[18, 19, 20] drained=[17]
2026-08-05T22:38:25 health alive=[18, 19, 20] drained=[17]
2026-08-05T22:38:51 health alive=[18, 19, 20] drained=[17]
2026-08-05T22:39:16 health alive=[18, 19, 20] drained=[17]
2026-08-05T22:39:42 health alive=[18, 19, 20] drained=[17]
2026-08-05T22:40:08 health alive=[18, 19, 20] drained=[17]
2026-08-05T22:40:33 health alive=[18, 19, 20] drained=[17]
2026-08-05T22:41:00 health alive=[18, 19, 20] drained=[17]
2026-08-05T22:41:29 health alive=[18, 19, 20] drained=[17]
2026-08-05T22:41:54 health alive=[18, 19, 20] drained=[17]
2026-08-05T22:42:21 health alive=[18, 19, 20] drained=[17]
2026-08-05T22:42:46 health alive=[18, 20] drained=[17, 19]
2026-08-05T22:43:12 health alive=[18, 20] drained=[17, 19]
2026-08-05T22:43:37 health alive=[18, 20] drained=[17, 19]
2026-08-05T22:44:03 health alive=[18, 20] drained=[17, 19]
2026-08-05T22:44:28 health alive=[18, 20] drained=[17, 19]
2026-08-05T22:44:53 health alive=[18, 20] drained=[17, 19]
2026-08-05T22:45:19 health alive=[18, 20] drained=[17, 19]
2026-08-05T22:45:44 health alive=[18, 20] drained=[17, 19]
2026-08-05T22:46:09 health alive=[18, 20] drained=[17, 19]
2026-08-05T22:46:35 health alive=[18, 20] drained=[17, 19]
2026-08-05T22:47:00 health alive=[18, 20] drained=[17, 19]
2026-08-05T22:47:26 health alive=[18, 20] drained=[17, 19]
2026-08-05T22:47:51 health alive=[18, 20] drained=[17, 19]
2026-08-05T22:48:17 health alive=[18, 20] drained=[17, 19]
2026-08-05T22:48:42 health alive=[18, 20] drained=[17, 19]
2026-08-05T22:49:08 health alive=[18, 20] drained=[17, 19]
2026-08-05T22:49:33 health alive=[18, 20] drained=[17, 19]
2026-08-05T22:49:59 health alive=[18, 20] drained=[17, 19]
2026-08-05T22:50:24 health alive=[18, 20] drained=[17, 19]
2026-08-05T22:50:49 health alive=[18, 20] drained=[17, 19]
2026-08-05T22:51:15 health alive=[18, 20] drained=[17, 19]
2026-08-05T22:51:40 health alive=[18, 20] drained=[17, 19]
2026-08-05T22:52:06 health alive=[18, 20] drained=[17, 19]
2026-08-05T22:52:31 health alive=[18, 20] drained=[17, 19]
2026-08-05T22:52:57 health alive=[18, 20] drained=[17, 19]
2026-08-05T22:53:22 health alive=[18, 20] drained=[17, 19]
