
--- boost-12 daemon start 2026-08-06T05:08:02Z queue=29 ---
[w29:cd:pro] IP mode=tor
[w29:cd:pro] Starting persistent Tor socks=127.0.0.1:19079 control=127.0.0.1:29079
[w29:cd:pro] tor: Aug 06 00:08:03.112 [warn] Fixing permissions on directory /tmp/lll-tor-w29
[w29:cd:pro] tor: Aug 06 00:08:03.000 [notice] Bootstrapped 0% (starting): Starting
[w29:cd:pro] tor: Aug 06 00:08:04.000 [notice] Bootstrapped 5% (conn): Connecting to a relay
[w29:cd:pro] tor: Aug 06 00:08:04.000 [notice] Bootstrapped 10% (conn_done): Connected to a relay
[w29:cd:pro] tor: Aug 06 00:08:07.000 [notice] Bootstrapped 14% (handshake): Handshaking with a relay
[w29:cd:pro] tor: Aug 06 00:08:07.000 [notice] Bootstrapped 15% (handshake_done): Handshake with a relay done
Aug 06 00:08:07.000 [notice] Bootstrapped 20% (onehop_create): Estab
[w29:cd:pro] tor: Aug 06 00:08:07.000 [notice] Bootstrapped 25% (requesting_status): Asking for networkstatus consensus
[w29:cd:pro] tor: Aug 06 00:08:07.000 [notice] Bootstrapped 30% (loading_status): Loading networkstatus consensus
[w29:cd:pro] tor: Aug 06 00:08:09.000 [notice] Bootstrapped 40% (loading_keys): Loading authority key certs
[w29:cd:pro] tor: Aug 06 00:08:09.000 [notice] Bootstrapped 45% (requesting_descriptors): Asking for relay descriptors
Aug 06 00:08:09.000 [notice] I learned some more directory 
[w29:cd:pro] tor: Aug 06 00:08:10.000 [notice] Bootstrapped 50% (loading_descriptors): Loading relay descriptors
[w29:cd:pro] tor: Aug 06 00:08:18.000 [notice] Bootstrapped 55% (loading_descriptors): Loading relay descriptors
[w29:cd:pro] tor: Aug 06 00:08:19.000 [notice] Bootstrapped 61% (loading_descriptors): Loading relay descriptors
[w29:cd:pro] tor: Aug 06 00:08:19.000 [notice] Bootstrapped 67% (loading_descriptors): Loading relay descriptors
[w29:cd:pro] tor: Aug 06 00:08:19.000 [notice] Bootstrapped 75% (enough_dirinfo): Loaded enough directory info to build circuits
[w29:cd:pro] tor: Aug 06 00:08:19.000 [notice] Bootstrapped 90% (ap_handshake_done): Handshake finished with a relay to build circuits
Aug 06 00:08:19.000 [notice] Bootstrapped 9
[w29:cd:pro] tor: Aug 06 00:08:19.000 [notice] Bootstrapped 100% (done): Done
[w29:cd:pro] Tor ready on 19079 exit=193.200.229.243
[w29:cd:pro] Launching persistent Chrome profile /tmp/lll-pw-w29-r0
[w29:cd:pro] Proxy tor#1 socks5://127.0.0.1:19079
[w29:cd:pro] Opening https://lastletterlibrary.com
[w29:cd:pro] Library mode=pro
[w29:cd:pro] Turnstile token present (len=816)
[w29:cd:pro] Site Turnstile token (20625ms)
[w29:cd:pro] Search mode=direct (skip UI Wait Ns… gate)
[w29:cd:pro] Loaded 7170 prefixes, 56120 words; queue=29
[w29:cd:pro] Searching "dism" | queue=28 | words=56120
[w29:cd:pro] [api] 200 mode=pro startsWith=dism
[w29:cd:pro] [api] 200 mode=pro startsWith=dism (424ms direct)
[w29:cd:pro] "dism" → 100 records, 100 words
[w29:cd:pro] Pacing 15s before "dism" (gap=15500ms)
[w29:cd:pro] Managed Turnstile miss (15231ms)
[w29:cd:pro] "dism" reverse search failed (No Turnstile token for direct search); forward-only
[w29:cd:pro] "dism" full page ends at "dismortgage" (next='o'); skip 16 covered groups → 12 children from dismo..
[w29:cd:pro] Saved 56,220 worker words
[w29:cd:pro] Searching "dive" | queue=39 | words=56220
[w29:cd:pro] Managed Turnstile miss (15051ms)
[w29:cd:pro] Failed "dive" attempt 1: No Turnstile token for direct search
[w29:cd:pro] Saved 56,220 worker words
[w29:cd:pro] Turnstile miss — soft reload before rotate
[w29:cd:pro] Site Turnstile remint timed out (10805ms)
[w29:cd:pro] Soft reload mint failed — rotating immediately
[w29:cd:pro] Tor NEWNYM gen=1; waiting 8000ms
[w29:cd:pro] Tor ready on 19079 exit=109.70.100.15
[w29:cd:pro] Rotating IP (#1, try 1) after No Turnstile token for direct search → tor#2 socks5://127.0.0.1:19079
[w29:cd:pro] Launching persistent Chrome profile /tmp/lll-pw-w29-r1
[w29:cd:pro] Proxy tor#2 socks5://127.0.0.1:19079
[w29:cd:pro] heartbeat words=56220 queue=40 rotation=1 idle=44s
[w29:cd:pro] Opening https://lastletterlibrary.com
[w29:cd:pro] Library mode=pro
[w29:cd:pro] Turnstile token present (len=837)
[w29:cd:pro] Site Turnstile token (19836ms)
[w29:cd:pro] Search mode=direct (skip UI Wait Ns… gate)
[w29:cd:pro] Cleaned 1 old rotated profile(s)
[w29:cd:pro] Searching "dive" | queue=39 | words=56220
[w29:cd:pro] [api] 200 mode=pro startsWith=dive
[w29:cd:pro] [api] 200 mode=pro startsWith=dive (615ms direct)
[w29:cd:pro] "dive" → 100 records, 100 words (incl. exact "dive")
[w29:cd:pro] Pacing 15s before "dive" (gap=15500ms)
[w29:cd:pro] Managed Turnstile miss (15140ms)
[w29:cd:pro] "dive" reverse search failed (No Turnstile token for direct search); forward-only
[w29:cd:pro] "dive" full page ends at "divertingly" (next='r'); skip 19 covered groups → 9 children from diver..
[w29:cd:pro] Saved 56,254 worker words
[w29:cd:pro] Searching "doct" | queue=47 | words=56254
[w29:cd:pro] heartbeat words=56254 queue=47 rotation=1 idle=3s
[w29:cd:pro] Managed Turnstile miss (15224ms)
[w29:cd:pro] Failed "doct" attempt 1: No Turnstile token for direct search
[w29:cd:pro] Saved 56,254 worker words
[w29:cd:pro] Turnstile miss — soft reload before rotate
[w29:cd:pro] Site Turnstile remint timed out (10860ms)
[w29:cd:pro] Soft reload mint failed — rotating immediately
[w29:cd:pro] Tor NEWNYM gen=2; waiting 8000ms
[w29:cd:pro] Tor ready on 19079 exit=109.70.100.8
[w29:cd:pro] Rotating IP (#2, try 1) after No Turnstile token for direct search → tor#3 socks5://127.0.0.1:19079
[w29:cd:pro] Launching persistent Chrome profile /tmp/lll-pw-w29-r2
[w29:cd:pro] Proxy tor#3 socks5://127.0.0.1:19079
[w29:cd:pro] Opening https://lastletterlibrary.com
[w29:cd:pro] heartbeat words=56254 queue=48 rotation=2 idle=63s
[w29:cd:pro] Library mode=pro
[w29:cd:pro] Managed Turnstile token (len=816, 8514ms, remount)
[w29:cd:pro] Search mode=direct (skip UI Wait Ns… gate)
[w29:cd:pro] Cleaned 1 old rotated profile(s)
[w29:cd:pro] Searching "doct" | queue=47 | words=56254
[w29:cd:pro] [api] 200 mode=pro startsWith=doct
[w29:cd:pro] [api] 200 mode=pro startsWith=doct (632ms direct)
[w29:cd:pro] "doct" → 65 records, 65 words
[w29:cd:pro] "doct" branch complete
[w29:cd:pro] Saved 56,257 worker words
[w29:cd:pro] Searching "dodz" | queue=46 | words=56257
[w29:cd:pro] Pacing 7s before "dodz" (gap=15500ms)
[w29:cd:pro] Turnstile mint hard timeout after 20000ms
[w29:cd:pro] Failed "dodz" attempt 1: No Turnstile token for direct search
[w29:cd:pro] Saved 56,257 worker words
[w29:cd:pro] Turnstile miss — soft reload before rotate
[w29:cd:pro] Turnstile token present (len=816)
[w29:cd:pro] Site Turnstile token (7136ms)
[w29:cd:pro] Searching "dodz" | queue=46 | words=56257
[w29:cd:pro] [api] 200 mode=pro startsWith=dodz
[w29:cd:pro] [api] 200 mode=pro startsWith=dodz (584ms direct)
[w29:cd:pro] "dodz" → 0 records, 0 words
[w29:cd:pro] "dodz" branch complete
[w29:cd:pro] Saved 56,257 worker words
[w29:cd:pro] Searching "dolk" | queue=45 | words=56257
[w29:cd:pro] Pacing 15s before "dolk" (gap=15500ms)
[w29:cd:pro] heartbeat words=56257 queue=45 rotation=2 idle=5s
[w29:cd:pro] Managed Turnstile miss (15741ms)
[w29:cd:pro] Failed "dolk" attempt 1: No Turnstile token for direct search
[w29:cd:pro] Saved 56,257 worker words; shared last.txt now 480,217
[w29:cd:pro] Turnstile miss — soft reload before rotate
[w29:cd:pro] Managed Turnstile token (len=816, 5043ms, remount)
[w29:cd:pro] Searching "dolk" | queue=45 | words=56257
[w29:cd:pro] [api] 200 mode=pro startsWith=dolk
[w29:cd:pro] [api] 200 mode=pro startsWith=dolk (447ms direct)
[w29:cd:pro] "dolk" → 0 records, 0 words
[w29:cd:pro] "dolk" branch complete
[w29:cd:pro] Saved 56,257 worker words
[w29:cd:pro] Searching "dooz" | queue=44 | words=56257
[w29:cd:pro] Pacing 15s before "dooz" (gap=15500ms)
[w29:cd:pro] Managed Turnstile token (len=816, 5118ms, remount)
[w29:cd:pro] [api] 200 mode=pro startsWith=dooz
[w29:cd:pro] [api] 200 mode=pro startsWith=dooz (1020ms direct)
[w29:cd:pro] "dooz" → 5 records, 5 words
[w29:cd:pro] "dooz" branch complete
[w29:cd:pro] Saved 56,257 worker words
[w29:cd:pro] Searching "doue" | queue=43 | words=56257
[w29:cd:pro] Pacing 15s before "doue" (gap=15500ms)
[w29:cd:pro] heartbeat words=56257 queue=43 rotation=2 idle=14s
[w29:cd:pro] Managed Turnstile miss (17750ms)
[w29:cd:pro] Failed "doue" attempt 1: No Turnstile token for direct search
[w29:cd:pro] Saved 56,257 worker words
[w29:cd:pro] Turnstile miss — soft reload before rotate
[w29:cd:pro] Site Turnstile remint timed out (12458ms)
[w29:cd:pro] Soft reload mint failed — rotating immediately
[w29:cd:pro] Tor NEWNYM gen=3; waiting 8000ms
[w29:cd:pro] Tor ready on 19079 exit=192.42.116.65
[w29:cd:pro] Rotating IP (#3, try 1) after No Turnstile token for direct search → tor#4 socks5://127.0.0.1:19079
[w29:cd:pro] Launching persistent Chrome profile /tmp/lll-pw-w29-r3
[w29:cd:pro] Proxy tor#4 socks5://127.0.0.1:19079
[w29:cd:pro] Opening https://lastletterlibrary.com
[w29:cd:pro] Library mode=pro
[w29:cd:pro] Managed Turnstile token (len=816, 8810ms, remount)
[w29:cd:pro] Search mode=direct (skip UI Wait Ns… gate)
[w29:cd:pro] Cleaned 1 old rotated profile(s)
[w29:cd:pro] Searching "doue" | queue=43 | words=56257
[w29:cd:pro] [api] 200 mode=pro startsWith=doue
[w29:cd:pro] [api] 200 mode=pro startsWith=doue (864ms direct)
[w29:cd:pro] "doue" → 0 records, 0 words
[w29:cd:pro] "doue" branch complete
[w29:cd:pro] Saved 56,257 worker words
[w29:cd:pro] Searching "dowv" | queue=42 | words=56257
[w29:cd:pro] Pacing 12s before "dowv" (gap=15500ms)
[w29:cd:pro] heartbeat words=56257 queue=42 rotation=3 idle=3s
[w29:cd:pro] Managed Turnstile token (len=816, 11585ms, remount)
[w29:cd:pro] [api] 200 mode=pro startsWith=dowv
[w29:cd:pro] [api] 200 mode=pro startsWith=dowv (518ms direct)
[w29:cd:pro] "dowv" → 1 records, 1 words
[w29:cd:pro] "dowv" branch complete
[w29:cd:pro] Saved 56,258 worker words
[w29:cd:pro] Searching "dram" | queue=41 | words=56258
[w29:cd:pro] Pacing 15s before "dram" (gap=15500ms)
[w29:cd:pro] Managed Turnstile token (len=816, 11169ms, remount)
[w29:cd:pro] [api] 200 mode=pro startsWith=dram
[w29:cd:pro] [api] 200 mode=pro startsWith=dram (380ms direct)
[w29:cd:pro] "dram" → 65 records, 65 words (incl. exact "dram")
[w29:cd:pro] "dram" branch complete
[w29:cd:pro] Saved 56,323 worker words
[w29:cd:pro] Searching "dreb" | queue=40 | words=56323
[w29:cd:pro] Pacing 15s before "dreb" (gap=15500ms)
[w29:cd:pro] Managed Turnstile token (len=816, 6196ms, remount)
[w29:cd:pro] [api] 200 mode=pro startsWith=dreb
[w29:cd:pro] [api] 200 mode=pro startsWith=dreb (385ms direct)
[w29:cd:pro] "dreb" → 0 records, 0 words
[w29:cd:pro] "dreb" branch complete
[w29:cd:pro] Saved 56,323 worker words
[w29:cd:pro] Searching "driz" | queue=39 | words=56323
[w29:cd:pro] Pacing 15s before "driz" (gap=15500ms)
[w29:cd:pro] Managed Turnstile token (len=816, 10543ms, remount)
[w29:cd:pro] [api] 200 mode=pro startsWith=driz
[w29:cd:pro] [api] 200 mode=pro startsWith=driz (454ms direct)
[w29:cd:pro] "driz" → 8 records, 8 words
[w29:cd:pro] "driz" branch complete
[w29:cd:pro] heartbeat words=56323 queue=39 rotation=3 idle=19s
[w29:cd:pro] Managed Turnstile token (len=816, 16243ms, remount)
[w29:cd:pro] Saved 56,323 worker words; shared last.txt now 480,486
[w29:cd:pro] Searching "dryp" | queue=38 | words=56323
[w29:cd:pro] [api] 200 mode=pro startsWith=dryp
[w29:cd:pro] [api] 200 mode=pro startsWith=dryp (443ms direct)
[w29:cd:pro] "dryp" → 4 records, 4 words
[w29:cd:pro] "dryp" branch complete
[w29:cd:pro] Saved 56,323 worker words
[w29:cd:pro] Searching "ducy" | queue=37 | words=56323
[w29:cd:pro] Pacing 15s before "ducy" (gap=15500ms)
[w29:cd:pro] Managed Turnstile miss (15487ms)
[w29:cd:pro] Failed "ducy" attempt 1: No Turnstile token for direct search
[w29:cd:pro] Saved 56,323 worker words
[w29:cd:pro] Turnstile miss — soft reload before rotate
[w29:cd:pro] Site Turnstile remint timed out (11174ms)
[w29:cd:pro] Soft reload mint failed — rotating immediately
[w29:cd:pro] heartbeat words=56323 queue=38 rotation=4 idle=40s
[w29:cd:pro] Tor NEWNYM gen=4; waiting 8000ms
[w29:cd:pro] Tor ready on 19079 exit=192.42.116.110
[w29:cd:pro] Rotating IP (#4, try 1) after No Turnstile token for direct search → tor#5 socks5://127.0.0.1:19079
[w29:cd:pro] Launching persistent Chrome profile /tmp/lll-pw-w29-r4
[w29:cd:pro] Proxy tor#5 socks5://127.0.0.1:19079
[w29:cd:pro] Opening https://lastletterlibrary.com
[w29:cd:pro] Library mode=pro
[w29:cd:pro] Managed Turnstile token (len=816, 5980ms, remount)
[w29:cd:pro] Search mode=direct (skip UI Wait Ns… gate)
[w29:cd:pro] Cleaned 1 old rotated profile(s)
[w29:cd:pro] Searching "ducy" | queue=37 | words=56323
[w29:cd:pro] [api] 200 mode=pro startsWith=ducy
[w29:cd:pro] [api] 200 mode=pro startsWith=ducy (749ms direct)
[w29:cd:pro] "ducy" → 0 records, 0 words
[w29:cd:pro] "ducy" branch complete
[w29:cd:pro] Saved 56,323 worker words
[w29:cd:pro] Searching "dunl" | queue=36 | words=56323
[w29:cd:pro] Pacing 15s before "dunl" (gap=15500ms)
[w29:cd:pro] Managed Turnstile token (len=816, 4707ms, remount)
[w29:cd:pro] heartbeat words=56323 queue=36 rotation=4 idle=5s
[w29:cd:pro] [api] 200 mode=pro startsWith=dunl
[w29:cd:pro] [api] 200 mode=pro startsWith=dunl (594ms direct)
[w29:cd:pro] "dunl" → 4 records, 4 words
[w29:cd:pro] "dunl" branch complete
[w29:cd:pro] Saved 56,327 worker words
[w29:cd:pro] Searching "dunn" | queue=35 | words=56327
[w29:cd:pro] Pacing 13s before "dunn" (gap=15500ms)
[w29:cd:pro] Managed Turnstile token (len=816, 9308ms, remount)
[w29:cd:pro] [api] 200 mode=pro startsWith=dunn
[w29:cd:pro] [api] 200 mode=pro startsWith=dunn (545ms direct)
[w29:cd:pro] "dunn" → 29 records, 29 words
[w29:cd:pro] "dunn" branch complete
[w29:cd:pro] Saved 56,356 worker words
[w29:cd:pro] Searching "dunp" | queue=34 | words=56356
[w29:cd:pro] Pacing 13s before "dunp" (gap=15500ms)
[w29:cd:pro] Managed Turnstile token (len=816, 9547ms, remount)
[w29:cd:pro] [api] 200 mode=pro startsWith=dunp
[w29:cd:pro] [api] 200 mode=pro startsWith=dunp (668ms direct)
[w29:cd:pro] "dunp" → 1 records, 1 words
[w29:cd:pro] "dunp" branch complete
[w29:cd:pro] Saved 56,357 worker words
[w29:cd:pro] Searching "dunr" | queue=33 | words=56357
[w29:cd:pro] Pacing 14s before "dunr" (gap=15500ms)
[w29:cd:pro] Managed Turnstile token (len=816, 4420ms, remount)
[w29:cd:pro] [api] 200 mode=pro startsWith=dunr
[w29:cd:pro] [api] 200 mode=pro startsWith=dunr (485ms direct)
[w29:cd:pro] "dunr" → 0 records, 0 words
[w29:cd:pro] "dunr" branch complete
[w29:cd:pro] Saved 56,357 worker words
[w29:cd:pro] Searching "dunt" | queue=32 | words=56357
[w29:cd:pro] Pacing 14s before "dunt" (gap=15500ms)
[w29:cd:pro] heartbeat words=56357 queue=32 rotation=4 idle=2s
[w29:cd:pro] Managed Turnstile token (len=816, 7025ms, remount)
[w29:cd:pro] [api] 200 mode=pro startsWith=dunt
[w29:cd:pro] [api] 200 mode=pro startsWith=dunt (440ms direct)
[w29:cd:pro] "dunt" → 6 records, 6 words (incl. exact "dunt")
[w29:cd:pro] "dunt" branch complete
[w29:cd:pro] Saved 56,363 worker words; shared last.txt now 480,892
[w29:cd:pro] Searching "dunv" | queue=31 | words=56363
[w29:cd:pro] Pacing 9s before "dunv" (gap=15500ms)
[w29:cd:pro] Managed Turnstile token (len=816, 7679ms, remount)
[w29:cd:pro] [api] 200 mode=pro startsWith=dunv
[w29:cd:pro] [api] 200 mode=pro startsWith=dunv (451ms direct)
[w29:cd:pro] "dunv" → 0 records, 0 words
[w29:cd:pro] "dunv" branch complete
[w29:cd:pro] Saved 56,363 worker words
[w29:cd:pro] Searching "dunx" | queue=30 | words=56363
[w29:cd:pro] Pacing 15s before "dunx" (gap=15500ms)
[w29:cd:pro] Managed Turnstile token (len=816, 11480ms, remount)
[w29:cd:pro] [api] 200 mode=pro startsWith=dunx
[w29:cd:pro] [api] 200 mode=pro startsWith=dunx (502ms direct)
[w29:cd:pro] "dunx" → 0 records, 0 words
[w29:cd:pro] "dunx" branch complete
[w29:cd:pro] Saved 56,363 worker words
[w29:cd:pro] Searching "dunz" | queue=29 | words=56363
[w29:cd:pro] Pacing 14s before "dunz" (gap=15500ms)
[w29:cd:pro] Managed Turnstile token (len=816, 13325ms, remount)
[w29:cd:pro] [api] 200 mode=pro startsWith=dunz
[w29:cd:pro] [api] 200 mode=pro startsWith=dunz (499ms direct)
[w29:cd:pro] "dunz" → 1 records, 1 words
[w29:cd:pro] "dunz" branch complete
[w29:cd:pro] Saved 56,364 worker words
[w29:cd:pro] Searching "dysh" | queue=28 | words=56364
[w29:cd:pro] Pacing 14s before "dysh" (gap=15500ms)
[w29:cd:pro] heartbeat words=56364 queue=28 rotation=4 idle=0s
[w29:cd:pro] Managed Turnstile token (len=816, 4559ms, remount)
[w29:cd:pro] [api] 200 mode=pro startsWith=dysh
[w29:cd:pro] [api] 200 mode=pro startsWith=dysh (470ms direct)
[w29:cd:pro] "dysh" → 3 records, 3 words
[w29:cd:pro] "dysh" branch complete
[w29:cd:pro] Saved 56,367 worker words
[w29:cd:pro] Searching "dysj" | queue=27 | words=56367
[w29:cd:pro] Pacing 15s before "dysj" (gap=15500ms)
[w29:cd:pro] Managed Turnstile token (len=816, 4100ms, remount)
[w29:cd:pro] [api] 200 mode=pro startsWith=dysj
[w29:cd:pro] [api] 200 mode=pro startsWith=dysj (560ms direct)
[w29:cd:pro] "dysj" → 0 records, 0 words
[w29:cd:pro] "dysj" branch complete
[w29:cd:pro] Saved 56,367 worker words
[w29:cd:pro] Searching "dysl" | queue=26 | words=56367
[w29:cd:pro] Pacing 15s before "dysl" (gap=15500ms)
[w29:cd:pro] Managed Turnstile token (len=816, 4717ms, remount)
[w29:cd:pro] [api] 200 mode=pro startsWith=dysl
[w29:cd:pro] [api] 200 mode=pro startsWith=dysl (510ms direct)
[w29:cd:pro] "dysl" → 21 records, 21 words
[w29:cd:pro] "dysl" branch complete
[w29:cd:pro] Saved 56,388 worker words
[w29:cd:pro] Searching "dysn" | queue=25 | words=56388
[w29:cd:pro] Pacing 15s before "dysn" (gap=15500ms)
[w29:cd:pro] Managed Turnstile token (len=816, 5318ms, remount)
[w29:cd:pro] heartbeat words=56388 queue=25 rotation=4 idle=15s
[w29:cd:pro] [api] 200 mode=pro startsWith=dysn
[w29:cd:pro] [api] 200 mode=pro startsWith=dysn (528ms direct)
[w29:cd:pro] "dysn" → 2 records, 2 words
[w29:cd:pro] "dysn" branch complete
[w29:cd:pro] Saved 56,390 worker words
[w29:cd:pro] Searching "dysp" | queue=24 | words=56390
[w29:cd:pro] Pacing 15s before "dysp" (gap=15500ms)
[w29:cd:pro] Managed Turnstile token (len=816, 6847ms, remount)
[w29:cd:pro] [api] 200 mode=pro startsWith=dysp
[w29:cd:pro] [api] 200 mode=pro startsWith=dysp (479ms direct)
[w29:cd:pro] "dysp" → 60 records, 60 words
[w29:cd:pro] "dysp" branch complete
[w29:cd:pro] Saved 56,413 worker words; shared last.txt now 481,084
[w29:cd:pro] Searching "dysz" | queue=23 | words=56413
[w29:cd:pro] Pacing 14s before "dysz" (gap=15500ms)
[w29:cd:pro] Managed Turnstile token (len=816, 4732ms, remount)
[w29:cd:pro] [api] 200 mode=pro startsWith=dysz
[w29:cd:pro] [api] 200 mode=pro startsWith=dysz (470ms direct)
[w29:cd:pro] "dysz" → 0 records, 0 words
[w29:cd:pro] "dysz" branch complete
[w29:cd:pro] Saved 56,413 worker words
[w29:cd:pro] Searching "dentz" | queue=22 | words=56413
[w29:cd:pro] Pacing 15s before "dentz" (gap=15500ms)
[w29:cd:pro] Managed Turnstile token (len=816, 4768ms, remount)
[w29:cd:pro] [api] 200 mode=pro startsWith=dentz
[w29:cd:pro] [api] 200 mode=pro startsWith=dentz (477ms direct)
[w29:cd:pro] "dentz" → 0 records, 0 words
[w29:cd:pro] "dentz" branch complete
[w29:cd:pro] Saved 56,413 worker words
[w29:cd:pro] Searching "dialz" | queue=21 | words=56413
[w29:cd:pro] Pacing 15s before "dialz" (gap=15500ms)
[w29:cd:pro] Managed Turnstile token (len=816, 5435ms, remount)
[w29:cd:pro] heartbeat words=56413 queue=21 rotation=4 idle=13s
[w29:cd:pro] [api] 200 mode=pro startsWith=dialz
[w29:cd:pro] [api] 200 mode=pro startsWith=dialz (490ms direct)
[w29:cd:pro] "dialz" → 0 records, 0 words
[w29:cd:pro] "dialz" branch complete
[w29:cd:pro] Saved 56,413 worker words
[w29:cd:pro] Searching "dismo" | queue=20 | words=56413
[w29:cd:pro] Pacing 15s before "dismo" (gap=15500ms)
[w29:cd:pro] Managed Turnstile token (len=816, 12458ms, remount)
[w29:cd:pro] [api] 200 mode=pro startsWith=dismo
[w29:cd:pro] [api] 200 mode=pro startsWith=dismo (497ms direct)
[w29:cd:pro] "dismo" → 9 records, 9 words
[w29:cd:pro] "dismo" branch complete
[w29:cd:pro] Saved 56,420 worker words
[w29:cd:pro] Searching "dismp" | queue=19 | words=56420
[w29:cd:pro] Pacing 15s before "dismp" (gap=15500ms)
[w29:cd:pro] Managed Turnstile token (len=816, 14293ms, remount)
[w29:cd:pro] [api] 200 mode=pro startsWith=dismp
[w29:cd:pro] [api] 200 mode=pro startsWith=dismp (473ms direct)
[w29:cd:pro] "dismp" → 0 records, 0 words
[w29:cd:pro] "dismp" branch complete
[w29:cd:pro] Saved 56,420 worker words
[w29:cd:pro] Searching "dismq" | queue=18 | words=56420
[w29:cd:pro] Pacing 15s before "dismq" (gap=15500ms)
[w29:cd:pro] Managed Turnstile token (len=816, 6818ms, remount)
[w29:cd:pro] [api] 200 mode=pro startsWith=dismq
[w29:cd:pro] [api] 200 mode=pro startsWith=dismq (508ms direct)
[w29:cd:pro] "dismq" → 0 records, 0 words
[w29:cd:pro] "dismq" branch complete
[w29:cd:pro] Saved 56,420 worker words
[w29:cd:pro] Searching "dismr" | queue=17 | words=56420
[w29:cd:pro] Pacing 15s before "dismr" (gap=15500ms)
[w29:cd:pro] Managed Turnstile token (len=816, 4188ms, remount)
[w29:cd:pro] heartbeat words=56420 queue=17 rotation=4 idle=10s
[w29:cd:pro] [api] 200 mode=pro startsWith=dismr
[w29:cd:pro] [api] 200 mode=pro startsWith=dismr (481ms direct)
[w29:cd:pro] "dismr" → 0 records, 0 words
[w29:cd:pro] "dismr" branch complete
[w29:cd:pro] Saved 56,420 worker words
[w29:cd:pro] Searching "disms" | queue=16 | words=56420
[w29:cd:pro] Pacing 15s before "disms" (gap=15500ms)
[w29:cd:pro] Managed Turnstile token (len=816, 7775ms, remount)
[w29:cd:pro] [api] 200 mode=pro startsWith=disms
[w29:cd:pro] [api] 200 mode=pro startsWith=disms (476ms direct)
[w29:cd:pro] "disms" → 0 records, 0 words
[w29:cd:pro] "disms" branch complete
[w29:cd:pro] Saved 56,420 worker words; shared last.txt now 481,378
[w29:cd:pro] Searching "dismt" | queue=15 | words=56420
[w29:cd:pro] Pacing 15s before "dismt" (gap=15500ms)
[w29:cd:pro] Managed Turnstile token (len=816, 4322ms, remount)
[w29:cd:pro] [api] 200 mode=pro startsWith=dismt
[w29:cd:pro] [api] 200 mode=pro startsWith=dismt (468ms direct)
[w29:cd:pro] "dismt" → 0 records, 0 words
[w29:cd:pro] "dismt" branch complete
[w29:cd:pro] Saved 56,420 worker words
[w29:cd:pro] Searching "dismu" | queue=14 | words=56420
[w29:cd:pro] Pacing 15s before "dismu" (gap=15500ms)
[w29:cd:pro] Managed Turnstile token (len=816, 5457ms, remount)
[w29:cd:pro] [api] 200 mode=pro startsWith=dismu
[w29:cd:pro] [api] 200 mode=pro startsWith=dismu (467ms direct)
[w29:cd:pro] "dismu" → 2 records, 2 words
[w29:cd:pro] "dismu" branch complete
[w29:cd:pro] Saved 56,422 worker words
[w29:cd:pro] Searching "dismv" | queue=13 | words=56422
[w29:cd:pro] Pacing 15s before "dismv" (gap=15500ms)
[w29:cd:pro] heartbeat words=56422 queue=13 rotation=4 idle=9s
[w29:cd:pro] Managed Turnstile token (len=816, 11438ms, remount)
[w29:cd:pro] [api] 200 mode=pro startsWith=dismv
[w29:cd:pro] [api] 200 mode=pro startsWith=dismv (462ms direct)
[w29:cd:pro] "dismv" → 0 records, 0 words
[w29:cd:pro] "dismv" branch complete
[w29:cd:pro] Saved 56,422 worker words
[w29:cd:pro] Searching "dismw" | queue=12 | words=56422
[w29:cd:pro] Pacing 15s before "dismw" (gap=15500ms)
[w29:cd:pro] Managed Turnstile token (len=816, 5471ms, remount)
[w29:cd:pro] [api] 200 mode=pro startsWith=dismw
[w29:cd:pro] [api] 200 mode=pro startsWith=dismw (474ms direct)
[w29:cd:pro] "dismw" → 0 records, 0 words
[w29:cd:pro] "dismw" branch complete
[w29:cd:pro] Saved 56,422 worker words
[w29:cd:pro] Searching "dismx" | queue=11 | words=56422
[w29:cd:pro] Pacing 15s before "dismx" (gap=15500ms)
[w29:cd:pro] Managed Turnstile miss (15536ms)
[w29:cd:pro] Failed "dismx" attempt 1: No Turnstile token for direct search
[w29:cd:pro] Saved 56,422 worker words
[w29:cd:pro] Turnstile miss — soft reload before rotate
[w29:cd:pro] Managed Turnstile token (len=816, 3934ms, remount)
[w29:cd:pro] Searching "dismx" | queue=11 | words=56422
[w29:cd:pro] [api] 200 mode=pro startsWith=dismx
[w29:cd:pro] [api] 200 mode=pro startsWith=dismx (545ms direct)
[w29:cd:pro] "dismx" → 0 records, 0 words
[w29:cd:pro] "dismx" branch complete
[w29:cd:pro] Saved 56,422 worker words
[w29:cd:pro] Searching "dismy" | queue=10 | words=56422
[w29:cd:pro] Pacing 15s before "dismy" (gap=15500ms)
[w29:cd:pro] Managed Turnstile miss (15061ms)
[w29:cd:pro] Failed "dismy" attempt 1: No Turnstile token for direct search
[w29:cd:pro] Saved 56,422 worker words
[w29:cd:pro] Turnstile miss — soft reload before rotate
[w29:cd:pro] heartbeat words=56422 queue=11 rotation=4 idle=16s
[w29:cd:pro] Managed Turnstile token (len=816, 4108ms, remount)
[w29:cd:pro] Searching "dismy" | queue=10 | words=56422
[w29:cd:pro] [api] 200 mode=pro startsWith=dismy
[w29:cd:pro] [api] 200 mode=pro startsWith=dismy (437ms direct)
[w29:cd:pro] "dismy" → 0 records, 0 words
[w29:cd:pro] "dismy" branch complete
[w29:cd:pro] Saved 56,422 worker words; shared last.txt now 481,432
[w29:cd:pro] Searching "dismz" | queue=9 | words=56422
[w29:cd:pro] Pacing 15s before "dismz" (gap=15500ms)
[w29:cd:pro] Managed Turnstile token (len=816, 4412ms, remount)
[w29:cd:pro] [api] 200 mode=pro startsWith=dismz
[w29:cd:pro] [api] 200 mode=pro startsWith=dismz (474ms direct)
[w29:cd:pro] "dismz" → 0 records, 0 words
[w29:cd:pro] "dismz" branch complete
[w29:cd:pro] Saved 56,422 worker words
[w29:cd:pro] Searching "diver" | queue=8 | words=56422
[w29:cd:pro] Pacing 15s before "diver" (gap=15500ms)
[w29:cd:pro] Managed Turnstile token (len=816, 4661ms, remount)
[w29:cd:pro] [api] 200 mode=pro startsWith=diver
[w29:cd:pro] [api] 200 mode=pro startsWith=diver (473ms direct)
[w29:cd:pro] "diver" → 90 records, 90 words (incl. exact "diver")
[w29:cd:pro] "diver" branch complete
[w29:cd:pro] Saved 56,432 worker words
[w29:cd:pro] Searching "dives" | queue=7 | words=56432
[w29:cd:pro] Pacing 15s before "dives" (gap=15500ms)
[w29:cd:pro] Managed Turnstile token (len=816, 4981ms, remount)
[w29:cd:pro] [api] 200 mode=pro startsWith=dives
[w29:cd:pro] [api] 200 mode=pro startsWith=dives (474ms direct)
[w29:cd:pro] "dives" → 13 records, 13 words (incl. exact "dives")
[w29:cd:pro] "dives" branch complete
[w29:cd:pro] Saved 56,445 worker words
[w29:cd:pro] Searching "divet" | queue=6 | words=56445
[w29:cd:pro] Pacing 15s before "divet" (gap=15500ms)
[w29:cd:pro] Managed Turnstile token (len=816, 4408ms, remount)
[w29:cd:pro] heartbeat words=56445 queue=6 rotation=4 idle=8s
[w29:cd:pro] [api] 200 mode=pro startsWith=divet
[w29:cd:pro] [api] 200 mode=pro startsWith=divet (461ms direct)
[w29:cd:pro] "divet" → 1 records, 1 words (incl. exact "divet")
[w29:cd:pro] "divet" branch complete
[w29:cd:pro] Saved 56,446 worker words
[w29:cd:pro] Searching "diveu" | queue=5 | words=56446
[w29:cd:pro] Pacing 15s before "diveu" (gap=15500ms)
[w29:cd:pro] Managed Turnstile token (len=816, 4518ms, remount)
[w29:cd:pro] [api] 200 mode=pro startsWith=diveu
[w29:cd:pro] [api] 200 mode=pro startsWith=diveu (474ms direct)
[w29:cd:pro] "diveu" → 0 records, 0 words
[w29:cd:pro] "diveu" branch complete
[w29:cd:pro] Saved 56,446 worker words
[w29:cd:pro] Searching "divev" | queue=4 | words=56446
[w29:cd:pro] Pacing 15s before "divev" (gap=15500ms)
[w29:cd:pro] Managed Turnstile token (len=816, 4722ms, remount)
[w29:cd:pro] [api] 200 mode=pro startsWith=divev
[w29:cd:pro] [api] 200 mode=pro startsWith=divev (437ms direct)
[w29:cd:pro] "divev" → 0 records, 0 words
[w29:cd:pro] "divev" branch complete
[w29:cd:pro] Saved 56,446 worker words
[w29:cd:pro] Searching "divew" | queue=3 | words=56446
[w29:cd:pro] Pacing 15s before "divew" (gap=15500ms)
[w29:cd:pro] Managed Turnstile token (len=816, 4642ms, remount)
[w29:cd:pro] [api] 200 mode=pro startsWith=divew
[w29:cd:pro] [api] 200 mode=pro startsWith=divew (459ms direct)
[w29:cd:pro] "divew" → 0 records, 0 words
[w29:cd:pro] "divew" branch complete
[w29:cd:pro] Saved 56,446 worker words
[w29:cd:pro] Searching "divex" | queue=2 | words=56446
[w29:cd:pro] Pacing 15s before "divex" (gap=15500ms)
[w29:cd:pro] Managed Turnstile token (len=816, 4170ms, remount)
[w29:cd:pro] heartbeat words=56446 queue=2 rotation=4 idle=6s
[w29:cd:pro] [api] 200 mode=pro startsWith=divex
[w29:cd:pro] [api] 200 mode=pro startsWith=divex (472ms direct)
[w29:cd:pro] "divex" → 0 records, 0 words
[w29:cd:pro] "divex" branch complete
[w29:cd:pro] Saved 56,446 worker words; shared last.txt now 481,562
[w29:cd:pro] Searching "divey" | queue=1 | words=56446
[w29:cd:pro] Pacing 15s before "divey" (gap=15500ms)
[w29:cd:pro] Managed Turnstile token (len=816, 4410ms, remount)
[w29:cd:pro] [api] 200 mode=pro startsWith=divey
[w29:cd:pro] [api] 200 mode=pro startsWith=divey (462ms direct)
[w29:cd:pro] "divey" → 0 records, 0 words
[w29:cd:pro] "divey" branch complete
[w29:cd:pro] Saved 56,446 worker words
[w29:cd:pro] Searching "divez" | queue=0 | words=56446
[w29:cd:pro] Pacing 15s before "divez" (gap=15500ms)
[w29:cd:pro] Managed Turnstile token (len=816, 4356ms, remount)
[w29:cd:pro] Failed "divez" attempt 1: page.evaluate: TypeError: Failed to fetch
    at eval (eval at evaluate (:311:30), <anonymous>:11:27)
    at UtilityScript.evaluate (<anonymous>:313:16)
    at UtilityScript.<anonymous> (<anonymous>:1:44)
[w29:cd:pro] Saved 56,446 worker words
[w29:cd:pro] Tor NEWNYM gen=5; waiting 8000ms
[w29:cd:pro] Tor ready on 19079 exit=198.98.62.158
[w29:cd:pro] Rotating IP (#5, try 1) after page.evaluate: TypeError: Failed to fetch
    at eval (eval at evaluate (:311:30 → tor#6 socks5://127.0.0.1:19079
[w29:cd:pro] Launching persistent Chrome profile /tmp/lll-pw-w29-r5
[w29:cd:pro] Proxy tor#6 socks5://127.0.0.1:19079
[w29:cd:pro] Opening https://lastletterlibrary.com
[w29:cd:pro] Library mode=pro
[w29:cd:pro] heartbeat words=56446 queue=1 rotation=5 idle=35s
[w29:cd:pro] Turnstile token present (len=816)
[w29:cd:pro] Site Turnstile token (19642ms)
[w29:cd:pro] Search mode=direct (skip UI Wait Ns… gate)
[w29:cd:pro] Cleaned 1 old rotated profile(s)
[w29:cd:pro] Searching "divez" | queue=0 | words=56446
[w29:cd:pro] [api] 200 mode=pro startsWith=divez
[w29:cd:pro] [api] 200 mode=pro startsWith=divez (620ms direct)
[w29:cd:pro] "divez" → 0 records, 0 words
[w29:cd:pro] "divez" branch complete
[w29:cd:pro] Saved 56,446 worker words
[w29:cd:pro] Saved 56,446 worker words
[w29:cd:pro] Worker done. prefixes=7255 words=56446
[w29:cd:pro] Managed Turnstile miss (78ms)
[w29:cd:pro] Tor exited code=0
